RAM Allocation [bytes]
Variable                                                                          Address   Size
------------------------------------------------------------------------------------------------
_base_y (alcd.lib)                                                                0x0260       4

EEPROM Allocation [bytes]
Variable                                                                          Address   Size
------------------------------------------------------------------------------------------------

Register Allocation
Variable                                                                          Register  Size
------------------------------------------------------------------------------------------------
_lcd_x                                                                            R5           1
_lcd_y                                                                            R4           1
_lcd_maxx                                                                         R7           1

FLASH Allocation [words]
Function                                                                          Address   Size
------------------------------------------------------------------------------------------------
main                                                                              0x0009A     94
_lcd_write_nibble_G100                                                            0x000F8     21
_lcd_write_data                                                                   0x0010D     12
lcd_gotoxy                                                                        0x00119     18
lcd_clear                                                                         0x0012B     12
lcd_putchar                                                                       0x00137     20
lcd_puts                                                                          0x0014B     14
lcd_putsf                                                                         0x00159     17
lcd_init                                                                          0x0016A     47
putchar                                                                           0x00199      7
put_usart_G101                                                                    0x001A0     13
put_buff_G101                                                                     0x001AD     50
_print_G101                                                                       0x001DF    316
sprintf                                                                           0x0031B     48
printf                                                                            0x0034B     31
strlen                                                                            0x0036A     12
strlenf                                                                           0x00376     13
