RAM Allocation [bytes]
Variable                                                                          Address   Size
------------------------------------------------------------------------------------------------

EEPROM Allocation [bytes]
Variable                                                                          Address   Size
------------------------------------------------------------------------------------------------

Register Allocation
Variable                                                                          Register  Size
------------------------------------------------------------------------------------------------
i                                                                                 R4,R5        2

FLASH Allocation [words]
Function                                                                          Address   Size
------------------------------------------------------------------------------------------------
nol                                                                               0x00045     23
satu                                                                              0x0005C     23
dua                                                                               0x00073     23
empat                                                                             0x0008A     23
enam                                                                              0x000A1     23
main                                                                              0x000B8     20
