
AVRASM ver. 2.1.30  E:\Github\Semester-2\Komunikasi Data\CVAVR\UTS\Debug\List\alarm.asm Tue Jul 01 20:59:12 2025

E:\Github\Semester-2\Komunikasi Data\CVAVR\UTS\Debug\List\alarm.asm(1083): warning: Register r5 already defined by the .DEF directive
E:\Github\Semester-2\Komunikasi Data\CVAVR\UTS\Debug\List\alarm.asm(1084): warning: Register r4 already defined by the .DEF directive
E:\Github\Semester-2\Komunikasi Data\CVAVR\UTS\Debug\List\alarm.asm(1085): warning: Register r7 already defined by the .DEF directive
                 
                 
                 ;CodeVisionAVR C Compiler V3.40 Advanced
                 ;(C) Copyright 1998-2020 Pavel Haiduc, HP InfoTech S.R.L.
                 ;http://www.hpinfotech.ro
                 
                 ;Build configuration    : Debug
                 ;Chip type              : ATmega32
                 ;Program type           : Application
                 ;Clock frequency        : 12,000000 MHz
                 ;Memory model           : Small
                 ;Optimize for           : Size
                 ;(s)printf features     : int, width
                 ;(s)scanf features      : int, width
                 ;External RAM size      : 0
                 ;Data Stack size        : 512 byte(s)
                 ;Heap size              : 0 byte(s)
                 ;Promote 'char' to 'int': Yes
                 ;'char' is unsigned     : Yes
                 ;8 bit enums            : Yes
                 ;Global 'const' stored in FLASH: Yes
                 ;Enhanced function parameter passing: Mode 1
                 ;Enhanced core instructions: On
                 ;Automatic register allocation for global variables: On
                 ;Smart register allocation: On
                 
                 	#define _MODEL_SMALL_
                 
                 	#pragma AVRPART ADMIN PART_NAME ATmega32
                 	#pragma AVRPART MEMORY PROG_FLASH 32768
                 	#pragma AVRPART MEMORY EEPROM 1024
                 	#pragma AVRPART MEMORY INT_SRAM SIZE 2048
                 	#pragma AVRPART MEMORY INT_SRAM START_ADDR 0x60
                 
                 	#define CALL_SUPPORTED 1
                 
                 	.LISTMAC
                 	.EQU UDRE=0x5
                 	.EQU RXC=0x7
                 	.EQU USR=0xB
                 	.EQU UDR=0xC
                 	.EQU SPSR=0xE
                 	.EQU SPDR=0xF
                 	.EQU EERE=0x0
                 	.EQU EEWE=0x1
                 	.EQU EEMWE=0x2
                 	.EQU EECR=0x1C
                 	.EQU EEDR=0x1D
                 	.EQU EEARL=0x1E
                 	.EQU EEARH=0x1F
                 	.EQU WDTCR=0x21
                 	.EQU MCUCR=0x35
                 	.EQU GICR=0x3B
                 	.EQU SPL=0x3D
                 	.EQU SPH=0x3E
                 	.EQU SREG=0x3F
                 
                 	.DEF R0X0=R0
                 	.DEF R0X1=R1
                 	.DEF R0X2=R2
                 	.DEF R0X3=R3
                 	.DEF R0X4=R4
                 	.DEF R0X5=R5
                 	.DEF R0X6=R6
                 	.DEF R0X7=R7
                 	.DEF R0X8=R8
                 	.DEF R0X9=R9
                 	.DEF R0XA=R10
                 	.DEF R0XB=R11
                 	.DEF R0XC=R12
                 	.DEF R0XD=R13
                 	.DEF R0XE=R14
                 	.DEF R0XF=R15
                 	.DEF R0X10=R16
                 	.DEF R0X11=R17
                 	.DEF R0X12=R18
                 	.DEF R0X13=R19
                 	.DEF R0X14=R20
                 	.DEF R0X15=R21
                 	.DEF R0X16=R22
                 	.DEF R0X17=R23
                 	.DEF R0X18=R24
                 	.DEF R0X19=R25
                 	.DEF R0X1A=R26
                 	.DEF R0X1B=R27
                 	.DEF R0X1C=R28
                 	.DEF R0X1D=R29
                 	.DEF R0X1E=R30
                 	.DEF R0X1F=R31
                 
                 	.EQU __SRAM_START=0x0060
                 	.EQU __SRAM_END=0x085F
                 	.EQU __DSTACK_SIZE=0x0200
                 	.EQU __HEAP_SIZE=0x0000
                 	.EQU __CLEAR_SRAM_SIZE=__SRAM_END-__SRAM_START+1
                 
                 	.MACRO __CPD1N
                 	CPI  R30,LOW(@0)
                 	LDI  R26,HIGH(@0)
                 	CPC  R31,R26
                 	LDI  R26,BYTE3(@0)
                 	CPC  R22,R26
                 	LDI  R26,BYTE4(@0)
                 	CPC  R23,R26
                 	.ENDM
                 
                 	.MACRO __CPD2N
                 	CPI  R26,LOW(@0)
                 	LDI  R30,HIGH(@0)
                 	CPC  R27,R30
                 	LDI  R30,BYTE3(@0)
                 	CPC  R24,R30
                 	LDI  R30,BYTE4(@0)
                 	CPC  R25,R30
                 	.ENDM
                 
                 	.MACRO __CPWRR
                 	CP   R@0,R@2
                 	CPC  R@1,R@3
                 	.ENDM
                 
                 	.MACRO __CPWRN
                 	CPI  R@0,LOW(@2)
                 	LDI  R30,HIGH(@2)
                 	CPC  R@1,R30
                 	.ENDM
                 
                 	.MACRO __ADDB1MN
                 	SUBI R30,LOW(-@0-(@1))
                 	.ENDM
                 
                 	.MACRO __ADDB2MN
                 	SUBI R26,LOW(-@0-(@1))
                 	.ENDM
                 
                 	.MACRO __ADDW1MN
                 	SUBI R30,LOW(-@0-(@1))
                 	SBCI R31,HIGH(-@0-(@1))
                 	.ENDM
                 
                 	.MACRO __ADDW2MN
                 	SUBI R26,LOW(-@0-(@1))
                 	SBCI R27,HIGH(-@0-(@1))
                 	.ENDM
                 
                 	.MACRO __ADDW1FN
                 	SUBI R30,LOW(-2*@0-(@1))
                 	SBCI R31,HIGH(-2*@0-(@1))
                 	.ENDM
                 
                 	.MACRO __ADDD1FN
                 	SUBI R30,LOW(-2*@0-(@1))
                 	SBCI R31,HIGH(-2*@0-(@1))
                 	SBCI R22,BYTE3(-2*@0-(@1))
                 	.ENDM
                 
                 	.MACRO __ADDD1N
                 	SUBI R30,LOW(-@0)
                 	SBCI R31,HIGH(-@0)
                 	SBCI R22,BYTE3(-@0)
                 	SBCI R23,BYTE4(-@0)
                 	.ENDM
                 
                 	.MACRO __ADDD2N
                 	SUBI R26,LOW(-@0)
                 	SBCI R27,HIGH(-@0)
                 	SBCI R24,BYTE3(-@0)
                 	SBCI R25,BYTE4(-@0)
                 	.ENDM
                 
                 	.MACRO __SUBD1N
                 	SUBI R30,LOW(@0)
                 	SBCI R31,HIGH(@0)
                 	SBCI R22,BYTE3(@0)
                 	SBCI R23,BYTE4(@0)
                 	.ENDM
                 
                 	.MACRO __SUBD2N
                 	SUBI R26,LOW(@0)
                 	SBCI R27,HIGH(@0)
                 	SBCI R24,BYTE3(@0)
                 	SBCI R25,BYTE4(@0)
                 	.ENDM
                 
                 	.MACRO __ANDBMNN
                 	LDS  R30,@0+(@1)
                 	ANDI R30,LOW(@2)
                 	STS  @0+(@1),R30
                 	.ENDM
                 
                 	.MACRO __ANDWMNN
                 	LDS  R30,@0+(@1)
                 	ANDI R30,LOW(@2)
                 	STS  @0+(@1),R30
                 	LDS  R30,@0+(@1)+1
                 	ANDI R30,HIGH(@2)
                 	STS  @0+(@1)+1,R30
                 	.ENDM
                 
                 	.MACRO __ANDD1N
                 	ANDI R30,LOW(@0)
                 	ANDI R31,HIGH(@0)
                 	ANDI R22,BYTE3(@0)
                 	ANDI R23,BYTE4(@0)
                 	.ENDM
                 
                 	.MACRO __ANDD2N
                 	ANDI R26,LOW(@0)
                 	ANDI R27,HIGH(@0)
                 	ANDI R24,BYTE3(@0)
                 	ANDI R25,BYTE4(@0)
                 	.ENDM
                 
                 	.MACRO __ORBMNN
                 	LDS  R30,@0+(@1)
                 	ORI  R30,LOW(@2)
                 	STS  @0+(@1),R30
                 	.ENDM
                 
                 	.MACRO __ORWMNN
                 	LDS  R30,@0+(@1)
                 	ORI  R30,LOW(@2)
                 	STS  @0+(@1),R30
                 	LDS  R30,@0+(@1)+1
                 	ORI  R30,HIGH(@2)
                 	STS  @0+(@1)+1,R30
                 	.ENDM
                 
                 	.MACRO __ORD1N
                 	ORI  R30,LOW(@0)
                 	ORI  R31,HIGH(@0)
                 	ORI  R22,BYTE3(@0)
                 	ORI  R23,BYTE4(@0)
                 	.ENDM
                 
                 	.MACRO __ORD2N
                 	ORI  R26,LOW(@0)
                 	ORI  R27,HIGH(@0)
                 	ORI  R24,BYTE3(@0)
                 	ORI  R25,BYTE4(@0)
                 	.ENDM
                 
                 	.MACRO __DELAY_USB
                 	LDI  R24,LOW(@0)
                 __DELAY_USB_LOOP:
                 	DEC  R24
                 	BRNE __DELAY_USB_LOOP
                 	.ENDM
                 
                 	.MACRO __DELAY_USW
                 	LDI  R24,LOW(@0)
                 	LDI  R25,HIGH(@0)
                 __DELAY_USW_LOOP:
                 	SBIW R24,1
                 	BRNE __DELAY_USW_LOOP
                 	.ENDM
                 
                 	.MACRO __GETD1S
                 	LDD  R30,Y+@0
                 	LDD  R31,Y+@0+1
                 	LDD  R22,Y+@0+2
                 	LDD  R23,Y+@0+3
                 	.ENDM
                 
                 	.MACRO __GETD2S
                 	LDD  R26,Y+@0
                 	LDD  R27,Y+@0+1
                 	LDD  R24,Y+@0+2
                 	LDD  R25,Y+@0+3
                 	.ENDM
                 
                 	.MACRO __PUTD1S
                 	STD  Y+@0,R30
                 	STD  Y+@0+1,R31
                 	STD  Y+@0+2,R22
                 	STD  Y+@0+3,R23
                 	.ENDM
                 
                 	.MACRO __PUTD2S
                 	STD  Y+@0,R26
                 	STD  Y+@0+1,R27
                 	STD  Y+@0+2,R24
                 	STD  Y+@0+3,R25
                 	.ENDM
                 
                 	.MACRO __PUTDZ2
                 	STD  Z+@0,R26
                 	STD  Z+@0+1,R27
                 	STD  Z+@0+2,R24
                 	STD  Z+@0+3,R25
                 	.ENDM
                 
                 	.MACRO __CLRD1S
                 	STD  Y+@0,R30
                 	STD  Y+@0+1,R30
                 	STD  Y+@0+2,R30
                 	STD  Y+@0+3,R30
                 	.ENDM
                 
                 	.MACRO __POINTB1MN
                 	LDI  R30,LOW(@0+(@1))
                 	.ENDM
                 
                 	.MACRO __POINTW1MN
                 	LDI  R30,LOW(@0+(@1))
                 	LDI  R31,HIGH(@0+(@1))
                 	.ENDM
                 
                 	.MACRO __POINTD1M
                 	LDI  R30,LOW(@0)
                 	LDI  R31,HIGH(@0)
                 	LDI  R22,BYTE3(@0)
                 	LDI  R23,BYTE4(@0)
                 	.ENDM
                 
                 	.MACRO __POINTW1FN
                 	LDI  R30,LOW(2*@0+(@1))
                 	LDI  R31,HIGH(2*@0+(@1))
                 	.ENDM
                 
                 	.MACRO __POINTD1FN
                 	LDI  R30,LOW(2*@0+(@1))
                 	LDI  R31,HIGH(2*@0+(@1))
                 	LDI  R22,BYTE3(2*@0+(@1))
                 	LDI  R23,BYTE4(2*@0+(@1))
                 	.ENDM
                 
                 	.MACRO __POINTB2MN
                 	LDI  R26,LOW(@0+(@1))
                 	.ENDM
                 
                 	.MACRO __POINTW2MN
                 	LDI  R26,LOW(@0+(@1))
                 	LDI  R27,HIGH(@0+(@1))
                 	.ENDM
                 
                 	.MACRO __POINTD2M
                 	LDI  R26,LOW(@0)
                 	LDI  R27,HIGH(@0)
                 	LDI  R24,BYTE3(@0)
                 	LDI  R25,BYTE4(@0)
                 	.ENDM
                 
                 	.MACRO __POINTW2FN
                 	LDI  R26,LOW(2*@0+(@1))
                 	LDI  R27,HIGH(2*@0+(@1))
                 	.ENDM
                 
                 	.MACRO __POINTD2FN
                 	LDI  R26,LOW(2*@0+(@1))
                 	LDI  R27,HIGH(2*@0+(@1))
                 	LDI  R24,BYTE3(2*@0+(@1))
                 	LDI  R25,BYTE4(2*@0+(@1))
                 	.ENDM
                 
                 	.MACRO __POINTBRM
                 	LDI  R@0,LOW(@1)
                 	.ENDM
                 
                 	.MACRO __POINTWRM
                 	LDI  R@0,LOW(@2)
                 	LDI  R@1,HIGH(@2)
                 	.ENDM
                 
                 	.MACRO __POINTBRMN
                 	LDI  R@0,LOW(@1+(@2))
                 	.ENDM
                 
                 	.MACRO __POINTWRMN
                 	LDI  R@0,LOW(@2+(@3))
                 	LDI  R@1,HIGH(@2+(@3))
                 	.ENDM
                 
                 	.MACRO __POINTWRFN
                 	LDI  R@0,LOW(@2*2+(@3))
                 	LDI  R@1,HIGH(@2*2+(@3))
                 	.ENDM
                 
                 	.MACRO __GETD1N
                 	LDI  R30,LOW(@0)
                 	LDI  R31,HIGH(@0)
                 	LDI  R22,BYTE3(@0)
                 	LDI  R23,BYTE4(@0)
                 	.ENDM
                 
                 	.MACRO __GETD2N
                 	LDI  R26,LOW(@0)
                 	LDI  R27,HIGH(@0)
                 	LDI  R24,BYTE3(@0)
                 	LDI  R25,BYTE4(@0)
                 	.ENDM
                 
                 	.MACRO __GETB1MN
                 	LDS  R30,@0+(@1)
                 	.ENDM
                 
                 	.MACRO __GETB1HMN
                 	LDS  R31,@0+(@1)
                 	.ENDM
                 
                 	.MACRO __GETW1MN
                 	LDS  R30,@0+(@1)
                 	LDS  R31,@0+(@1)+1
                 	.ENDM
                 
                 	.MACRO __GETD1MN
                 	LDS  R30,@0+(@1)
                 	LDS  R31,@0+(@1)+1
                 	LDS  R22,@0+(@1)+2
                 	LDS  R23,@0+(@1)+3
                 	.ENDM
                 
                 	.MACRO __GETBRMN
                 	LDS  R@0,@1+(@2)
                 	.ENDM
                 
                 	.MACRO __GETWRMN
                 	LDS  R@0,@2+(@3)
                 	LDS  R@1,@2+(@3)+1
                 	.ENDM
                 
                 	.MACRO __GETWRZ
                 	LDD  R@0,Z+@2
                 	LDD  R@1,Z+@2+1
                 	.ENDM
                 
                 	.MACRO __GETD2Z
                 	LDD  R26,Z+@0
                 	LDD  R27,Z+@0+1
                 	LDD  R24,Z+@0+2
                 	LDD  R25,Z+@0+3
                 	.ENDM
                 
                 	.MACRO __GETB2MN
                 	LDS  R26,@0+(@1)
                 	.ENDM
                 
                 	.MACRO __GETW2MN
                 	LDS  R26,@0+(@1)
                 	LDS  R27,@0+(@1)+1
                 	.ENDM
                 
                 	.MACRO __GETD2MN
                 	LDS  R26,@0+(@1)
                 	LDS  R27,@0+(@1)+1
                 	LDS  R24,@0+(@1)+2
                 	LDS  R25,@0+(@1)+3
                 	.ENDM
                 
                 	.MACRO __PUTB1MN
                 	STS  @0+(@1),R30
                 	.ENDM
                 
                 	.MACRO __PUTW1MN
                 	STS  @0+(@1),R30
                 	STS  @0+(@1)+1,R31
                 	.ENDM
                 
                 	.MACRO __PUTD1MN
                 	STS  @0+(@1),R30
                 	STS  @0+(@1)+1,R31
                 	STS  @0+(@1)+2,R22
                 	STS  @0+(@1)+3,R23
                 	.ENDM
                 
                 	.MACRO __PUTB1EN
                 	LDI  R26,LOW(@0+(@1))
                 	LDI  R27,HIGH(@0+(@1))
                 	CALL __EEPROMWRB
                 	.ENDM
                 
                 	.MACRO __PUTW1EN
                 	LDI  R26,LOW(@0+(@1))
                 	LDI  R27,HIGH(@0+(@1))
                 	CALL __EEPROMWRW
                 	.ENDM
                 
                 	.MACRO __PUTD1EN
                 	LDI  R26,LOW(@0+(@1))
                 	LDI  R27,HIGH(@0+(@1))
                 	CALL __EEPROMWRD
                 	.ENDM
                 
                 	.MACRO __PUTBR0MN
                 	STS  @0+(@1),R0
                 	.ENDM
                 
                 	.MACRO __PUTBMRN
                 	STS  @0+(@1),R@2
                 	.ENDM
                 
                 	.MACRO __PUTWMRN
                 	STS  @0+(@1),R@2
                 	STS  @0+(@1)+1,R@3
                 	.ENDM
                 
                 	.MACRO __PUTBZR
                 	STD  Z+@1,R@0
                 	.ENDM
                 
                 	.MACRO __PUTWZR
                 	STD  Z+@2,R@0
                 	STD  Z+@2+1,R@1
                 	.ENDM
                 
                 	.MACRO __GETW1R
                 	MOV  R30,R@0
                 	MOV  R31,R@1
                 	.ENDM
                 
                 	.MACRO __GETW2R
                 	MOV  R26,R@0
                 	MOV  R27,R@1
                 	.ENDM
                 
                 	.MACRO __GETWRN
                 	LDI  R@0,LOW(@2)
                 	LDI  R@1,HIGH(@2)
                 	.ENDM
                 
                 	.MACRO __PUTW1R
                 	MOV  R@0,R30
                 	MOV  R@1,R31
                 	.ENDM
                 
                 	.MACRO __PUTW2R
                 	MOV  R@0,R26
                 	MOV  R@1,R27
                 	.ENDM
                 
                 	.MACRO __ADDWRN
                 	SUBI R@0,LOW(-@2)
                 	SBCI R@1,HIGH(-@2)
                 	.ENDM
                 
                 	.MACRO __ADDWRR
                 	ADD  R@0,R@2
                 	ADC  R@1,R@3
                 	.ENDM
                 
                 	.MACRO __SUBWRN
                 	SUBI R@0,LOW(@2)
                 	SBCI R@1,HIGH(@2)
                 	.ENDM
                 
                 	.MACRO __SUBWRR
                 	SUB  R@0,R@2
                 	SBC  R@1,R@3
                 	.ENDM
                 
                 	.MACRO __ANDWRN
                 	ANDI R@0,LOW(@2)
                 	ANDI R@1,HIGH(@2)
                 	.ENDM
                 
                 	.MACRO __ANDWRR
                 	AND  R@0,R@2
                 	AND  R@1,R@3
                 	.ENDM
                 
                 	.MACRO __ORWRN
                 	ORI  R@0,LOW(@2)
                 	ORI  R@1,HIGH(@2)
                 	.ENDM
                 
                 	.MACRO __ORWRR
                 	OR   R@0,R@2
                 	OR   R@1,R@3
                 	.ENDM
                 
                 	.MACRO __EORWRR
                 	EOR  R@0,R@2
                 	EOR  R@1,R@3
                 	.ENDM
                 
                 	.MACRO __GETWRS
                 	LDD  R@0,Y+@2
                 	LDD  R@1,Y+@2+1
                 	.ENDM
                 
                 	.MACRO __PUTBSR
                 	STD  Y+@1,R@0
                 	.ENDM
                 
                 	.MACRO __PUTWSR
                 	STD  Y+@2,R@0
                 	STD  Y+@2+1,R@1
                 	.ENDM
                 
                 	.MACRO __MOVEWRR
                 	MOV  R@0,R@2
                 	MOV  R@1,R@3
                 	.ENDM
                 
                 	.MACRO __INWR
                 	IN   R@0,@2
                 	IN   R@1,@2+1
                 	.ENDM
                 
                 	.MACRO __OUTWR
                 	OUT  @2+1,R@1
                 	OUT  @2,R@0
                 	.ENDM
                 
                 	.MACRO __CALL1MN
                 	LDS  R30,@0+(@1)
                 	LDS  R31,@0+(@1)+1
                 	ICALL
                 	.ENDM
                 
                 	.MACRO __CALL1FN
                 	LDI  R30,LOW(2*@0+(@1))
                 	LDI  R31,HIGH(2*@0+(@1))
                 	CALL __GETW1PF
                 	ICALL
                 	.ENDM
                 
                 	.MACRO __CALL2EN
                 	PUSH R26
                 	PUSH R27
                 	LDI  R26,LOW(@0+(@1))
                 	LDI  R27,HIGH(@0+(@1))
                 	CALL __EEPROMRDW
                 	POP  R27
                 	POP  R26
                 	ICALL
                 	.ENDM
                 
                 	.MACRO __CALL2EX
                 	SUBI R26,LOW(-@0)
                 	SBCI R27,HIGH(-@0)
                 	CALL __EEPROMRDD
                 	ICALL
                 	.ENDM
                 
                 	.MACRO __GETW1STACK
                 	IN   R30,SPL
                 	IN   R31,SPH
                 	ADIW R30,@0+1
                 	LD   R0,Z+
                 	LD   R31,Z
                 	MOV  R30,R0
                 	.ENDM
                 
                 	.MACRO __GETD1STACK
                 	IN   R30,SPL
                 	IN   R31,SPH
                 	ADIW R30,@0+1
                 	LD   R0,Z+
                 	LD   R1,Z+
                 	LD   R22,Z
                 	MOVW R30,R0
                 	.ENDM
                 
                 	.MACRO __NBST
                 	BST  R@0,@1
                 	IN   R30,SREG
                 	LDI  R31,0x40
                 	EOR  R30,R31
                 	OUT  SREG,R30
                 	.ENDM
                 
                 
                 	.MACRO __PUTB1SN
                 	LDD  R26,Y+@0
                 	LDD  R27,Y+@0+1
                 	SUBI R26,LOW(-@1)
                 	SBCI R27,HIGH(-@1)
                 	ST   X,R30
                 	.ENDM
                 
                 	.MACRO __PUTW1SN
                 	LDD  R26,Y+@0
                 	LDD  R27,Y+@0+1
                 	SUBI R26,LOW(-@1)
                 	SBCI R27,HIGH(-@1)
                 	ST   X+,R30
                 	ST   X,R31
                 	.ENDM
                 
                 	.MACRO __PUTD1SN
                 	LDD  R26,Y+@0
                 	LDD  R27,Y+@0+1
                 	SUBI R26,LOW(-@1)
                 	SBCI R27,HIGH(-@1)
                 	CALL __PUTDP1
                 	.ENDM
                 
                 	.MACRO __PUTB1SNS
                 	LDD  R26,Y+@0
                 	LDD  R27,Y+@0+1
                 	ADIW R26,@1
                 	ST   X,R30
                 	.ENDM
                 
                 	.MACRO __PUTW1SNS
                 	LDD  R26,Y+@0
                 	LDD  R27,Y+@0+1
                 	ADIW R26,@1
                 	ST   X+,R30
                 	ST   X,R31
                 	.ENDM
                 
                 	.MACRO __PUTD1SNS
                 	LDD  R26,Y+@0
                 	LDD  R27,Y+@0+1
                 	ADIW R26,@1
                 	CALL __PUTDP1
                 	.ENDM
                 
                 	.MACRO __PUTB1PMN
                 	LDS  R26,@0
                 	LDS  R27,@0+1
                 	SUBI R26,LOW(-@1)
                 	SBCI R27,HIGH(-@1)
                 	ST   X,R30
                 	.ENDM
                 
                 	.MACRO __PUTW1PMN
                 	LDS  R26,@0
                 	LDS  R27,@0+1
                 	SUBI R26,LOW(-@1)
                 	SBCI R27,HIGH(-@1)
                 	ST   X+,R30
                 	ST   X,R31
                 	.ENDM
                 
                 	.MACRO __PUTD1PMN
                 	LDS  R26,@0
                 	LDS  R27,@0+1
                 	SUBI R26,LOW(-@1)
                 	SBCI R27,HIGH(-@1)
                 	CALL __PUTDP1
                 	.ENDM
                 
                 	.MACRO __PUTB1PMNS
                 	LDS  R26,@0
                 	LDS  R27,@0+1
                 	ADIW R26,@1
                 	ST   X,R30
                 	.ENDM
                 
                 	.MACRO __PUTW1PMNS
                 	LDS  R26,@0
                 	LDS  R27,@0+1
                 	ADIW R26,@1
                 	ST   X+,R30
                 	ST   X,R31
                 	.ENDM
                 
                 	.MACRO __PUTD1PMNS
                 	LDS  R26,@0
                 	LDS  R27,@0+1
                 	ADIW R26,@1
                 	CALL __PUTDP1
                 	.ENDM
                 
                 	.MACRO __PUTB1RN
                 	MOVW R26,R@0
                 	SUBI R26,LOW(-@1)
                 	SBCI R27,HIGH(-@1)
                 	ST   X,R30
                 	.ENDM
                 
                 	.MACRO __PUTW1RN
                 	MOVW R26,R@0
                 	SUBI R26,LOW(-@1)
                 	SBCI R27,HIGH(-@1)
                 	ST   X+,R30
                 	ST   X,R31
                 	.ENDM
                 
                 	.MACRO __PUTD1RN
                 	MOVW R26,R@0
                 	SUBI R26,LOW(-@1)
                 	SBCI R27,HIGH(-@1)
                 	CALL __PUTDP1
                 	.ENDM
                 
                 	.MACRO __PUTB1RNS
                 	MOVW R26,R@0
                 	ADIW R26,@1
                 	ST   X,R30
                 	.ENDM
                 
                 	.MACRO __PUTW1RNS
                 	MOVW R26,R@0
                 	ADIW R26,@1
                 	ST   X+,R30
                 	ST   X,R31
                 	.ENDM
                 
                 	.MACRO __PUTD1RNS
                 	MOVW R26,R@0
                 	ADIW R26,@1
                 	CALL __PUTDP1
                 	.ENDM
                 
                 	.MACRO __PUTB1RON
                 	MOV  R26,R@0
                 	MOV  R27,R@1
                 	SUBI R26,LOW(-@2)
                 	SBCI R27,HIGH(-@2)
                 	ST   X,R30
                 	.ENDM
                 
                 	.MACRO __PUTW1RON
                 	MOV  R26,R@0
                 	MOV  R27,R@1
                 	SUBI R26,LOW(-@2)
                 	SBCI R27,HIGH(-@2)
                 	ST   X+,R30
                 	ST   X,R31
                 	.ENDM
                 
                 	.MACRO __PUTD1RON
                 	MOV  R26,R@0
                 	MOV  R27,R@1
                 	SUBI R26,LOW(-@2)
                 	SBCI R27,HIGH(-@2)
                 	CALL __PUTDP1
                 	.ENDM
                 
                 	.MACRO __PUTB1RONS
                 	MOV  R26,R@0
                 	MOV  R27,R@1
                 	ADIW R26,@2
                 	ST   X,R30
                 	.ENDM
                 
                 	.MACRO __PUTW1RONS
                 	MOV  R26,R@0
                 	MOV  R27,R@1
                 	ADIW R26,@2
                 	ST   X+,R30
                 	ST   X,R31
                 	.ENDM
                 
                 	.MACRO __PUTD1RONS
                 	MOV  R26,R@0
                 	MOV  R27,R@1
                 	ADIW R26,@2
                 	CALL __PUTDP1
                 	.ENDM
                 
                 
                 	.MACRO __GETB1SX
                 	MOVW R30,R28
                 	SUBI R30,LOW(-@0)
                 	SBCI R31,HIGH(-@0)
                 	LD   R30,Z
                 	.ENDM
                 
                 	.MACRO __GETB1HSX
                 	MOVW R30,R28
                 	SUBI R30,LOW(-@0)
                 	SBCI R31,HIGH(-@0)
                 	LD   R31,Z
                 	.ENDM
                 
                 	.MACRO __GETW1SX
                 	MOVW R30,R28
                 	SUBI R30,LOW(-@0)
                 	SBCI R31,HIGH(-@0)
                 	CALL __GETW1Z
                 	.ENDM
                 
                 	.MACRO __GETD1SX
                 	MOVW R30,R28
                 	SUBI R30,LOW(-@0)
                 	SBCI R31,HIGH(-@0)
                 	CALL __GETD1Z
                 	.ENDM
                 
                 	.MACRO __GETB2SX
                 	MOVW R26,R28
                 	SUBI R26,LOW(-@0)
                 	SBCI R27,HIGH(-@0)
                 	LD   R26,X
                 	.ENDM
                 
                 	.MACRO __GETW2SX
                 	MOVW R26,R28
                 	SUBI R26,LOW(-@0)
                 	SBCI R27,HIGH(-@0)
                 	CALL __GETW2X
                 	.ENDM
                 
                 	.MACRO __GETD2SX
                 	MOVW R26,R28
                 	SUBI R26,LOW(-@0)
                 	SBCI R27,HIGH(-@0)
                 	CALL __GETD2X
                 	.ENDM
                 
                 	.MACRO __GETBRSX
                 	MOVW R30,R28
                 	SUBI R30,LOW(-@1)
                 	SBCI R31,HIGH(-@1)
                 	LD   R@0,Z
                 	.ENDM
                 
                 	.MACRO __GETWRSX
                 	MOVW R30,R28
                 	SUBI R30,LOW(-@2)
                 	SBCI R31,HIGH(-@2)
                 	LD   R@0,Z+
                 	LD   R@1,Z
                 	.ENDM
                 
                 	.MACRO __GETBRSX2
                 	MOVW R26,R28
                 	SUBI R26,LOW(-@1)
                 	SBCI R27,HIGH(-@1)
                 	LD   R@0,X
                 	.ENDM
                 
                 	.MACRO __GETWRSX2
                 	MOVW R26,R28
                 	SUBI R26,LOW(-@2)
                 	SBCI R27,HIGH(-@2)
                 	LD   R@0,X+
                 	LD   R@1,X
                 	.ENDM
                 
                 	.MACRO __LSLW8SX
                 	MOVW R30,R28
                 	SUBI R30,LOW(-@0)
                 	SBCI R31,HIGH(-@0)
                 	LD   R31,Z
                 	CLR  R30
                 	.ENDM
                 
                 	.MACRO __PUTB1SX
                 	MOVW R26,R28
                 	SUBI R26,LOW(-@0)
                 	SBCI R27,HIGH(-@0)
                 	ST   X,R30
                 	.ENDM
                 
                 	.MACRO __PUTW1SX
                 	MOVW R26,R28
                 	SUBI R26,LOW(-@0)
                 	SBCI R27,HIGH(-@0)
                 	ST   X+,R30
                 	ST   X,R31
                 	.ENDM
                 
                 	.MACRO __PUTD1SX
                 	MOVW R26,R28
                 	SUBI R26,LOW(-@0)
                 	SBCI R27,HIGH(-@0)
                 	ST   X+,R30
                 	ST   X+,R31
                 	ST   X+,R22
                 	ST   X,R23
                 	.ENDM
                 
                 	.MACRO __CLRW1SX
                 	MOVW R26,R28
                 	SUBI R26,LOW(-@0)
                 	SBCI R27,HIGH(-@0)
                 	ST   X+,R30
                 	ST   X,R30
                 	.ENDM
                 
                 	.MACRO __CLRD1SX
                 	MOVW R26,R28
                 	SUBI R26,LOW(-@0)
                 	SBCI R27,HIGH(-@0)
                 	ST   X+,R30
                 	ST   X+,R30
                 	ST   X+,R30
                 	ST   X,R30
                 	.ENDM
                 
                 	.MACRO __PUTB2SX
                 	MOVW R30,R28
                 	SUBI R30,LOW(-@0)
                 	SBCI R31,HIGH(-@0)
                 	ST   Z,R26
                 	.ENDM
                 
                 	.MACRO __PUTW2SX
                 	MOVW R30,R28
                 	SUBI R30,LOW(-@0)
                 	SBCI R31,HIGH(-@0)
                 	ST   Z+,R26
                 	ST   Z,R27
                 	.ENDM
                 
                 	.MACRO __PUTD2SX
                 	MOVW R30,R28
                 	SUBI R30,LOW(-@0)
                 	SBCI R31,HIGH(-@0)
                 	ST   Z+,R26
                 	ST   Z+,R27
                 	ST   Z+,R24
                 	ST   Z,R25
                 	.ENDM
                 
                 	.MACRO __PUTBSRX
                 	MOVW R30,R28
                 	SUBI R30,LOW(-@1)
                 	SBCI R31,HIGH(-@1)
                 	ST   Z,R@0
                 	.ENDM
                 
                 	.MACRO __PUTWSRX
                 	MOVW R30,R28
                 	SUBI R30,LOW(-@2)
                 	SBCI R31,HIGH(-@2)
                 	ST   Z+,R@0
                 	ST   Z,R@1
                 	.ENDM
                 
                 	.MACRO __PUTB1SNX
                 	MOVW R26,R28
                 	SUBI R26,LOW(-@0)
                 	SBCI R27,HIGH(-@0)
                 	LD   R0,X+
                 	LD   R27,X
                 	MOV  R26,R0
                 	SUBI R26,LOW(-@1)
                 	SBCI R27,HIGH(-@1)
                 	ST   X,R30
                 	.ENDM
                 
                 	.MACRO __PUTW1SNX
                 	MOVW R26,R28
                 	SUBI R26,LOW(-@0)
                 	SBCI R27,HIGH(-@0)
                 	LD   R0,X+
                 	LD   R27,X
                 	MOV  R26,R0
                 	SUBI R26,LOW(-@1)
                 	SBCI R27,HIGH(-@1)
                 	ST   X+,R30
                 	ST   X,R31
                 	.ENDM
                 
                 	.MACRO __PUTD1SNX
                 	MOVW R26,R28
                 	SUBI R26,LOW(-@0)
                 	SBCI R27,HIGH(-@0)
                 	LD   R0,X+
                 	LD   R27,X
                 	MOV  R26,R0
                 	SUBI R26,LOW(-@1)
                 	SBCI R27,HIGH(-@1)
                 	ST   X+,R30
                 	ST   X+,R31
                 	ST   X+,R22
                 	ST   X,R23
                 	.ENDM
                 
                 	.MACRO __MULBRR
                 	MULS R@0,R@1
                 	MOVW R30,R0
                 	.ENDM
                 
                 	.MACRO __MULBRRU
                 	MUL  R@0,R@1
                 	MOVW R30,R0
                 	.ENDM
                 
                 	.MACRO __MULBRR0
                 	MULS R@0,R@1
                 	.ENDM
                 
                 	.MACRO __MULBRRU0
                 	MUL  R@0,R@1
                 	.ENDM
                 
                 	.MACRO __MULBNWRU
                 	LDI  R26,@2
                 	MUL  R26,R@0
                 	MOVW R30,R0
                 	MUL  R26,R@1
                 	ADD  R31,R0
                 	.ENDM
                 
                 ;NAME DEFINITIONS FOR GLOBAL VARIABLES ALLOCATED TO REGISTERS
                 	.DEF __lcd_x=R5
                 	.DEF __lcd_y=R4
                 	.DEF __lcd_maxx=R7
                 
                 	.CSEG
                 	.ORG 0x00
                 
                 ;START OF CODE MARKER
                 __START_OF_CODE:
                 
                 ;INTERRUPT VECTORS
000000 940c 00b2 	JMP  __RESET
000002 940c 0000 	JMP  0x00
000004 940c 0000 	JMP  0x00
000006 940c 0000 	JMP  0x00
000008 940c 0000 	JMP  0x00
00000a 940c 0000 	JMP  0x00
00000c 940c 0000 	JMP  0x00
00000e 940c 0000 	JMP  0x00
000010 940c 0000 	JMP  0x00
000012 940c 0000 	JMP  0x00
000014 940c 0000 	JMP  0x00
000016 940c 0000 	JMP  0x00
000018 940c 0000 	JMP  0x00
00001a 940c 0000 	JMP  0x00
00001c 940c 0000 	JMP  0x00
00001e 940c 0000 	JMP  0x00
000020 940c 0000 	JMP  0x00
000022 940c 0000 	JMP  0x00
000024 940c 0000 	JMP  0x00
000026 940c 0000 	JMP  0x00
000028 940c 0000 	JMP  0x00
                 
                 _tbl10_G105:
00002a 2710
00002b 03e8
00002c 0064
00002d 000a      	.DB  0x10,0x27,0xE8,0x3,0x64,0x0,0xA,0x0
00002e 0001      	.DB  0x1,0x0
                 _tbl16_G105:
00002f 1000
000030 0100
000031 0010
000032 0001      	.DB  0x0,0x10,0x0,0x1,0x10,0x0,0x1,0x0
                 
                 _0x0:
000033 6f4d
000034 696e
000035 6f74
000036 2072      	.DB  0x4D,0x6F,0x6E,0x69,0x74,0x6F,0x72,0x20
000037 7553
000038 7568
000039 2020
00003a 0020      	.DB  0x53,0x75,0x68,0x75,0x20,0x20,0x20,0x0
00003b 7553
00003c 7568
00003d 3a20
00003e 0020      	.DB  0x53,0x75,0x68,0x75,0x20,0x3A,0x20,0x0
00003f 2043
000040 2020
000041 0020
000042 454b      	.DB  0x43,0x20,0x20,0x20,0x20,0x0,0x4B,0x45
000043 4142
000044 414b
000045 4152
000046 214e      	.DB  0x42,0x41,0x4B,0x41,0x52,0x41,0x4E,0x21
000047 2020
000048 2020
000049 2020
00004a 2020      	.DB  0x20,0x20,0x20,0x20,0x20,0x20,0x20,0x20
00004b 2020
00004c 0020
00004d 4147
00004e 2053      	.DB  0x20,0x20,0x20,0x0,0x47,0x41,0x53,0x20
00004f 4554
000050 4452
000051 5445
000052 4b45      	.DB  0x54,0x45,0x52,0x44,0x45,0x54,0x45,0x4B
000053 4953
000054 2021
000055 2020
000056 2020      	.DB  0x53,0x49,0x21,0x20,0x20,0x20,0x20,0x20
000057 2020
000058 2020
000059 4100
00005a 4950      	.DB  0x20,0x20,0x20,0x20,0x0,0x41,0x50,0x49
00005b 5420
00005c 5245
00005d 4544
00005e 4554      	.DB  0x20,0x54,0x45,0x52,0x44,0x45,0x54,0x45
00005f 534b
000060 2149
000061 2020
000062 2020      	.DB  0x4B,0x53,0x49,0x21,0x20,0x20,0x20,0x20
000063 2020
000064 2020
000065 2020
000066 5300      	.DB  0x20,0x20,0x20,0x20,0x20,0x20,0x0,0x53
000067 4855
000068 2055
000069 454d
00006a 494e      	.DB  0x55,0x48,0x55,0x20,0x4D,0x45,0x4E,0x49
00006b 474e
00006c 414b
00006d 2154
00006e 2020      	.DB  0x4E,0x47,0x4B,0x41,0x54,0x21,0x20,0x20
00006f 2020
000070 2020
000071 2020
000072 0020      	.DB  0x20,0x20,0x20,0x20,0x20,0x20,0x20,0x0
000073 5553
000074 5548
000075 5420
000076 4e49      	.DB  0x53,0x55,0x48,0x55,0x20,0x54,0x49,0x4E
000077 4747
000078 2149
000079 2020
00007a 2020      	.DB  0x47,0x47,0x49,0x21,0x20,0x20,0x20,0x20
00007b 2020
00007c 2020
00007d 0020
00007e 4d41      	.DB  0x20,0x20,0x20,0x20,0x20,0x0,0x41,0x4D
00007f 4e41
000080 2020
000081 2020
000082 2020      	.DB  0x41,0x4E,0x20,0x20,0x20,0x20,0x20,0x20
000083 2020
000084 2020
000085 2020
000086 2020      	.DB  0x20,0x20,0x20,0x20,0x20,0x20,0x20,0x20
000087 2020
000088 0020      	.DB  0x20,0x20,0x20,0x0
                 _0x2000060:
E:\Github\Semester-2\Komunikasi Data\CVAVR\UTS\Debug\List\alarm.asm(1146): warning: .cseg .db misalignment - padding zero byte
000089 0001      	.DB  0x1
                 _0x2000000:
00008a 4e2d
00008b 4e41
00008c 4900
00008d 464e      	.DB  0x2D,0x4E,0x41,0x4E,0x0,0x49,0x4E,0x46
E:\Github\Semester-2\Komunikasi Data\CVAVR\UTS\Debug\List\alarm.asm(1149): warning: .cseg .db misalignment - padding zero byte
00008e 0000      	.DB  0x0
                 _0x2020003:
00008f c080      	.DB  0x80,0xC0
                 
                 __GLOBAL_INI_TBL:
000090 0010      	.DW  0x10
000091 0260      	.DW  _0x9
000092 0066      	.DW  _0x0*2
                 
000093 0008      	.DW  0x08
000094 0270      	.DW  _0x9+16
000095 0076      	.DW  _0x0*2+16
                 
000096 0006      	.DW  0x06
000097 0278      	.DW  _0x9+24
000098 007e      	.DW  _0x0*2+24
                 
000099 0016      	.DW  0x16
00009a 027e      	.DW  _0x9+30
00009b 0084      	.DW  _0x0*2+30
                 
00009c 0019      	.DW  0x19
00009d 0294      	.DW  _0x9+52
00009e 009a      	.DW  _0x0*2+52
                 
00009f 001a      	.DW  0x1A
0000a0 02ad      	.DW  _0x9+77
0000a1 00b3      	.DW  _0x0*2+77
                 
0000a2 0019      	.DW  0x19
0000a3 02c7      	.DW  _0x9+103
0000a4 00cd      	.DW  _0x0*2+103
                 
0000a5 0016      	.DW  0x16
0000a6 02e0      	.DW  _0x9+128
0000a7 00e6      	.DW  _0x0*2+128
                 
0000a8 0016      	.DW  0x16
0000a9 02f6      	.DW  _0x9+150
0000aa 00fc      	.DW  _0x0*2+150
                 
0000ab 0001      	.DW  0x01
0000ac 030c      	.DW  __seed_G100
0000ad 0112      	.DW  _0x2000060*2
                 
0000ae 0002      	.DW  0x02
0000af 0310      	.DW  __base_y_G101
0000b0 011e      	.DW  _0x2020003*2
                 
                 _0xFFFFFFFF:
0000b1 0000      	.DW  0
                 
                 #define __GLOBAL_INI_TBL_PRESENT 1
                 
                 __RESET:
0000b2 94f8      	CLI
0000b3 27ee      	CLR  R30
0000b4 bbec      	OUT  EECR,R30
                 
                 ;INTERRUPT VECTORS ARE PLACED
                 ;AT THE START OF FLASH
0000b5 e0f1      	LDI  R31,1
0000b6 bffb      	OUT  GICR,R31
0000b7 bfeb      	OUT  GICR,R30
0000b8 bfe5      	OUT  MCUCR,R30
                 
                 ;CLEAR R2-R14
0000b9 e08d      	LDI  R24,(14-2)+1
0000ba e0a2      	LDI  R26,2
0000bb 27bb      	CLR  R27
                 __CLEAR_REG:
0000bc 93ed      	ST   X+,R30
0000bd 958a      	DEC  R24
0000be f7e9      	BRNE __CLEAR_REG
                 
                 ;CLEAR SRAM
0000bf e080      	LDI  R24,LOW(__CLEAR_SRAM_SIZE)
0000c0 e098      	LDI  R25,HIGH(__CLEAR_SRAM_SIZE)
0000c1 e6a0      	LDI  R26,__SRAM_START
                 __CLEAR_SRAM:
0000c2 93ed      	ST   X+,R30
0000c3 9701      	SBIW R24,1
0000c4 f7e9      	BRNE __CLEAR_SRAM
                 
                 ;GLOBAL VARIABLES INITIALIZATION
0000c5 e2e0      	LDI  R30,LOW(__GLOBAL_INI_TBL*2)
0000c6 e0f1      	LDI  R31,HIGH(__GLOBAL_INI_TBL*2)
                 __GLOBAL_INI_NEXT:
0000c7 9185      	LPM  R24,Z+
0000c8 9195      	LPM  R25,Z+
0000c9 9700      	SBIW R24,0
0000ca f061      	BREQ __GLOBAL_INI_END
0000cb 91a5      	LPM  R26,Z+
0000cc 91b5      	LPM  R27,Z+
0000cd 9005      	LPM  R0,Z+
0000ce 9015      	LPM  R1,Z+
0000cf 01bf      	MOVW R22,R30
0000d0 01f0      	MOVW R30,R0
                 __GLOBAL_INI_LOOP:
0000d1 9005      	LPM  R0,Z+
0000d2 920d      	ST   X+,R0
0000d3 9701      	SBIW R24,1
0000d4 f7e1      	BRNE __GLOBAL_INI_LOOP
0000d5 01fb      	MOVW R30,R22
0000d6 cff0      	RJMP __GLOBAL_INI_NEXT
                 __GLOBAL_INI_END:
                 
                 ;HARDWARE STACK POINTER INITIALIZATION
0000d7 e5ef      	LDI  R30,LOW(__SRAM_END-__HEAP_SIZE)
0000d8 bfed      	OUT  SPL,R30
0000d9 e0e8      	LDI  R30,HIGH(__SRAM_END-__HEAP_SIZE)
0000da bfee      	OUT  SPH,R30
                 
                 ;DATA STACK POINTER INITIALIZATION
0000db e6c0      	LDI  R28,LOW(__SRAM_START+__DSTACK_SIZE)
0000dc e0d2      	LDI  R29,HIGH(__SRAM_START+__DSTACK_SIZE)
                 
0000dd 940c 0112 	JMP  _main
                 
                 	.ESEG
                 	.ORG 0x00
                 
                 	.DSEG
                 	.ORG 0x260
                 
                 	.CSEG
                 	#ifndef __SLEEP_DEFINED__
                 	#define __SLEEP_DEFINED__
                 	.EQU __se_bit=0x80
                 	.EQU __sm_mask=0x70
                 	.EQU __sm_powerdown=0x20
                 	.EQU __sm_powersave=0x30
                 	.EQU __sm_standby=0x60
                 	.EQU __sm_ext_standby=0x70
                 	.EQU __sm_adc_noise_red=0x10
                 	.SET power_ctrl_reg=mcucr
                 	#endif
                 ;unsigned int read_adc(unsigned char adc_input)
                 ; 0000 000A {
                 
                 	.CSEG
                 _read_adc:
                 ; .FSTART _read_adc
                 ; 0000 000B ADMUX = adc_input | ADC_VREF_TYPE;  // Pilih channel ADC
0000df 93aa      	ST   -Y,R26
                 ;	adc_input -> Y+0
0000e0 81e8      	LD   R30,Y
0000e1 64e0      	ORI  R30,0x40
0000e2 b9e7      	OUT  0x7,R30
                 ; 0000 000C delay_ms(10);                       // Stabilization delay
0000e3 e0aa      	LDI  R26,LOW(10)
0000e4 e0b0      	LDI  R27,0
0000e5 940e 05a5 	CALL _delay_ms
                 ; 0000 000D ADCSRA |= (1<<ADSC);                // Start conversion
0000e7 9a36      	SBI  0x6,6
                 ; 0000 000E while ((ADCSRA & (1<<ADIF)) == 0);  // Tunggu selesai
                 _0x3:
0000e8 9b34      	SBIS 0x6,4
0000e9 cffe      	RJMP _0x3
                 ; 0000 000F ADCSRA |= (1<<ADIF);                // Reset flag
0000ea 9a34      	SBI  0x6,4
                 ; 0000 0010 return ADCW;                        // Return nilai ADC
0000eb b1e4      	IN   R30,0x4
0000ec b1f5      	IN   R31,0x4+1
0000ed 940c 0321 	JMP  _0x20C0002
                 ; 0000 0011 }
                 ; .FEND
                 ;float Rumus(unsigned int adc_value)
                 ; 0000 001A {
                 _Rumus:
                 ; .FSTART _Rumus
                 ; 0000 001B float voltage = (adc_value * 5.0) / 1024.0;
                 ; 0000 001C return voltage * 100.0;
0000ef 93ba      	ST   -Y,R27
0000f0 93aa      	ST   -Y,R26
0000f1 9724      	SBIW R28,4
                 ;	adc_value -> Y+4
                 ;	voltage -> Y+0
0000f2 81ec      	LDD  R30,Y+4
0000f3 81fd      	LDD  R31,Y+4+1
0000f4 2766      	CLR  R22
0000f5 2777      	CLR  R23
0000f6 940e 046a 	CALL __CDF1
                +
0000f8 e0a0     +LDI R26 , LOW ( 0x40A00000 )
0000f9 e0b0     +LDI R27 , HIGH ( 0x40A00000 )
0000fa ea80     +LDI R24 , BYTE3 ( 0x40A00000 )
0000fb e490     +LDI R25 , BYTE4 ( 0x40A00000 )
                 	__GETD2N 0x40A00000
0000fc 940e 04f3 	CALL __MULF12
0000fe 01df      	MOVW R26,R30
0000ff 01cb      	MOVW R24,R22
                +
000100 e0e0     +LDI R30 , LOW ( 0x44800000 )
000101 e0f0     +LDI R31 , HIGH ( 0x44800000 )
000102 e860     +LDI R22 , BYTE3 ( 0x44800000 )
000103 e474     +LDI R23 , BYTE4 ( 0x44800000 )
                 	__GETD1N 0x44800000
000104 940e 0541 	CALL __DIVF21
000106 940e 0378 	CALL SUBOPT_0x0
000108 940e 037b 	CALL SUBOPT_0x1
                +
00010a e0e0     +LDI R30 , LOW ( 0x42C80000 )
00010b e0f0     +LDI R31 , HIGH ( 0x42C80000 )
00010c ec68     +LDI R22 , BYTE3 ( 0x42C80000 )
00010d e472     +LDI R23 , BYTE4 ( 0x42C80000 )
                 	__GETD1N 0x42C80000
00010e 940e 04f3 	CALL __MULF12
000110 9626      	ADIW R28,6
000111 9508      	RET
                 ; 0000 001D }
                 ; .FEND
                 ;void main(void)
                 ; 0000 0020 {
                 _main:
                 ; .FSTART _main
                 ; 0000 0021 char dataSuhu[10];
                 ; 0000 0022 float suhu;
                 ; 0000 0023 char gas;
                 ; 0000 0024 char flame;
                 ; 0000 0025 char alarmAktif = 0;
                 ; 0000 0026 int i;
                 ; 0000 0027 
                 ; 0000 0028 // PORTA 0-7 merupakan bagian yang akan terhubung dengan perangkat sensor
                 ; 0000 0029 DDRA = 0x00;
000112 972e      	SBIW R28,14
                 ;	dataSuhu -> Y+4
                 ;	suhu -> Y+0
                 ;	gas -> R17
                 ;	flame -> R16
                 ;	alarmAktif -> R19
                 ;	i -> R20,R21
000113 e030      	LDI  R19,0
000114 e0e0      	LDI  R30,LOW(0)
000115 bbea      	OUT  0x1A,R30
                 ; 0000 002A PORTA = 0x00;
000116 bbeb      	OUT  0x1B,R30
                 ; 0000 002B // PORTC 0-7 merupakan bagian output data untuk LCD
                 ; 0000 002C DDRC = 0xFF;
000117 efef      	LDI  R30,LOW(255)
000118 bbe4      	OUT  0x14,R30
                 ; 0000 002D PORTC = 0x00;
000119 e0e0      	LDI  R30,LOW(0)
00011a bbe5      	OUT  0x15,R30
                 ; 0000 002E // PORTD7 (0x80 dalam hexa) merupakan bagian untuk perangkat speaker
                 ; 0000 002F DDRD = 0x80;
00011b e8e0      	LDI  R30,LOW(128)
00011c bbe1      	OUT  0x11,R30
                 ; 0000 0030 PORTD = 0x00;
00011d e0e0      	LDI  R30,LOW(0)
00011e bbe2      	OUT  0x12,R30
                 ; 0000 0031 
                 ; 0000 0032 // Inisialisasi ADC, akan ada secara otomatis juga saat enable ADC.
                 ; 0000 0033 ADMUX=ADC_VREF_TYPE;
00011f e4e0      	LDI  R30,LOW(64)
000120 b9e7      	OUT  0x7,R30
                 ; 0000 0034 ADCSRA=(1<<ADEN) | (0<<ADSC) | (0<<ADATE) | (0<<ADIF) | (0<<ADIE) | (1<<ADPS2) | ...
000121 e8e4      	LDI  R30,LOW(132)
000122 b9e6      	OUT  0x6,R30
                 ; 0000 0035 SFIOR=(0<<ADTS2) | (0<<ADTS1) | (0<<ADTS0);
000123 e0e0      	LDI  R30,LOW(0)
000124 bfe0      	OUT  0x30,R30
                 ; 0000 0036 
                 ; 0000 0037 lcd_init(16);
000125 e1a0      	LDI  R26,LOW(16)
000126 940e 02f5 	CALL _lcd_init
                 ; 0000 0038 lcd_clear();
000128 940e 02c3 	CALL _lcd_clear
                 ; 0000 0039 
                 ; 0000 003A while (1)
                 _0x6:
                 ; 0000 003B {
                 ; 0000 003C // Mengisi variable suhu dengan hasil dari perhitungan di fungsi Rumus.
                 ; 0000 003D suhu = Rumus(read_adc(0));
00012a e0a0      	LDI  R26,LOW(0)
00012b dfb3      	RCALL _read_adc
00012c 01df      	MOVW R26,R30
00012d dfc1      	RCALL _Rumus
00012e 940e 0378 	CALL SUBOPT_0x0
                 ; 0000 003E 
                 ; 0000 003F // ftoa adalah fungsi untuk mengubah nilai float ke string.
                 ; 0000 0040 // Data dari variable suhu yang berupa float, diubah menjadi string dan disimpan ...
                 ; 0000 0041 // dataSuhu.
                 ; 0000 0042 ftoa(suhu, 1, dataSuhu);
000130 940e 037e 	CALL SUBOPT_0x2
000132 940e 03e7 	CALL __PUTPARD1
000134 e0e1      	LDI  R30,LOW(1)
000135 93ea      	ST   -Y,R30
000136 01de      	MOVW R26,R28
000137 9619      	ADIW R26,9
000138 940e 01c9 	CALL _ftoa
                 ; 0000 0043 
                 ; 0000 0044 gas = PINA.1; // Nilai dari gas berupa PINA.1 saat ini.
00013a e0e0      	LDI  R30,0
00013b 99c9      	SBIC 0x19,1
00013c e0e1      	LDI  R30,1
00013d 2f1e      	MOV  R17,R30
                 ; 0000 0045 flame = PINA.2; // Nilai dari flame berupa PINA.2 saat ini.
00013e e0e0      	LDI  R30,0
00013f 99ca      	SBIC 0x19,2
000140 e0e1      	LDI  R30,1
000141 2f0e      	MOV  R16,R30
                 ; 0000 0046 alarmAktif = 0;
000142 e030      	LDI  R19,LOW(0)
                 ; 0000 0047 
                 ; 0000 0048 // Menampilkan output suhu pada LCD.
                 ; 0000 0049 lcd_gotoxy(0, 0);
000143 e0e0      	LDI  R30,LOW(0)
000144 93ea      	ST   -Y,R30
000145 e0a0      	LDI  R26,LOW(0)
000146 940e 02b6 	CALL _lcd_gotoxy
                 ; 0000 004A lcd_puts("Monitor Suhu   ");
                +
000148 e6a0     +LDI R26 , LOW ( _0x9 + ( 0 ) )
000149 e0b2     +LDI R27 , HIGH ( _0x9 + ( 0 ) )
                 	__POINTW2MN _0x9,0
00014a 940e 02e4 	CALL _lcd_puts
                 ; 0000 004B lcd_gotoxy(0, 1);
00014c e0e0      	LDI  R30,LOW(0)
00014d 93ea      	ST   -Y,R30
00014e e0a1      	LDI  R26,LOW(1)
00014f 940e 02b6 	CALL _lcd_gotoxy
                 ; 0000 004C lcd_puts("Suhu : ");
                +
000151 e7a0     +LDI R26 , LOW ( _0x9 + ( 16 ) )
000152 e0b2     +LDI R27 , HIGH ( _0x9 + ( 16 ) )
                 	__POINTW2MN _0x9,16
000153 940e 02e4 	CALL _lcd_puts
                 ; 0000 004D lcd_puts(dataSuhu);
000155 01de      	MOVW R26,R28
000156 9614      	ADIW R26,4
000157 940e 02e4 	CALL _lcd_puts
                 ; 0000 004E 
                 ; 0000 004F // 223 merupakan kode ASCII yang akan menampilkan simbol derajat (º) pada LCD be ...
                 ; 0000 0050 // HD44780.
                 ; 0000 0051 lcd_putchar(223);
000159 edaf      	LDI  R26,LOW(223)
00015a 940e 02cf 	CALL _lcd_putchar
                 ; 0000 0052 lcd_puts("C    ");
                +
00015c e7a8     +LDI R26 , LOW ( _0x9 + ( 24 ) )
00015d e0b2     +LDI R27 , HIGH ( _0x9 + ( 24 ) )
                 	__POINTW2MN _0x9,24
00015e 940e 02e4 	CALL _lcd_puts
                 ; 0000 0053 
                 ; 0000 0054 // Menampilkan output kondisi saat ini pada LCD
                 ; 0000 0055 lcd_gotoxy(0,3);
000160 e0e0      	LDI  R30,LOW(0)
000161 93ea      	ST   -Y,R30
000162 e0a3      	LDI  R26,LOW(3)
000163 940e 02b6 	CALL _lcd_gotoxy
                 ; 0000 0056 if(gas && flame)
000165 3010      	CPI  R17,0
000166 f011      	BREQ _0xB
000167 3000      	CPI  R16,0
000168 f409      	BRNE _0xC
                 _0xB:
000169 c006      	RJMP _0xA
                 _0xC:
                 ; 0000 0057 {
                 ; 0000 0058 // Jarak yang lebar antara teks dengan penutup petik dua string (") dimaksudkan  ...
                 ; 0000 0059 // teks yang tampil di LCD saat kondisi berubah tidak saling tertimpa.
                 ; 0000 005A lcd_puts("KEBAKARAN!           ");
                +
00016a e7ae     +LDI R26 , LOW ( _0x9 + ( 30 ) )
00016b e0b2     +LDI R27 , HIGH ( _0x9 + ( 30 ) )
                 	__POINTW2MN _0x9,30
00016c 940e 02e4 	CALL _lcd_puts
                 ; 0000 005B alarmAktif = 1;
00016e e031      	LDI  R19,LOW(1)
                 ; 0000 005C }
                 ; 0000 005D else if(gas)
00016f c03c      	RJMP _0xD
                 _0xA:
000170 3010      	CPI  R17,0
000171 f031      	BREQ _0xE
                 ; 0000 005E {
                 ; 0000 005F lcd_puts("GAS TERDETEKSI!         ");
                +
000172 e9a4     +LDI R26 , LOW ( _0x9 + ( 52 ) )
000173 e0b2     +LDI R27 , HIGH ( _0x9 + ( 52 ) )
                 	__POINTW2MN _0x9,52
000174 940e 02e4 	CALL _lcd_puts
                 ; 0000 0060 alarmAktif = 1;
000176 e031      	LDI  R19,LOW(1)
                 ; 0000 0061 }
                 ; 0000 0062 else if(flame)
000177 c034      	RJMP _0xF
                 _0xE:
000178 3000      	CPI  R16,0
000179 f031      	BREQ _0x10
                 ; 0000 0063 {
                 ; 0000 0064 lcd_puts("API TERDETEKSI!          ");
                +
00017a eaad     +LDI R26 , LOW ( _0x9 + ( 77 ) )
00017b e0b2     +LDI R27 , HIGH ( _0x9 + ( 77 ) )
                 	__POINTW2MN _0x9,77
00017c 940e 02e4 	CALL _lcd_puts
                 ; 0000 0065 alarmAktif = 1;
00017e e031      	LDI  R19,LOW(1)
                 ; 0000 0066 }
                 ; 0000 0067 else if(suhu >= 30.0 && suhu <= 34.9)
00017f c02c      	RJMP _0x11
                 _0x10:
000180 940e 037b 	CALL SUBOPT_0x1
                +
000182 e0e0     +LDI R30 , LOW ( 0x41F00000 )
000183 e0f0     +LDI R31 , HIGH ( 0x41F00000 )
000184 ef60     +LDI R22 , BYTE3 ( 0x41F00000 )
000185 e471     +LDI R23 , BYTE4 ( 0x41F00000 )
                 	__GETD1N 0x41F00000
000186 940e 0585 	CALL __CMPF12
000188 f060      	BRLO _0x13
000189 940e 037b 	CALL SUBOPT_0x1
                +
00018b e9ea     +LDI R30 , LOW ( 0x420B999A )
00018c e9f9     +LDI R31 , HIGH ( 0x420B999A )
00018d e06b     +LDI R22 , BYTE3 ( 0x420B999A )
00018e e472     +LDI R23 , BYTE4 ( 0x420B999A )
                 	__GETD1N 0x420B999A
00018f 940e 0585 	CALL __CMPF12
000191 f011      	BREQ PC+3
000192 f008      	BRCS PC+2
000193 c001      	RJMP _0x13
000194 c001      	RJMP _0x14
                 _0x13:
000195 c003      	RJMP _0x12
                 _0x14:
                 ; 0000 0068 {
                 ; 0000 0069 lcd_puts("SUHU MENINGKAT!         ");
                +
000196 eca7     +LDI R26 , LOW ( _0x9 + ( 103 ) )
000197 e0b2     +LDI R27 , HIGH ( _0x9 + ( 103 ) )
                 	__POINTW2MN _0x9,103
000198 c011      	RJMP _0x24
                 ; 0000 006A }
                 ; 0000 006B else if(suhu >= 35.0)
                 _0x12:
000199 940e 037b 	CALL SUBOPT_0x1
                +
00019b e0e0     +LDI R30 , LOW ( 0x420C0000 )
00019c e0f0     +LDI R31 , HIGH ( 0x420C0000 )
00019d e06c     +LDI R22 , BYTE3 ( 0x420C0000 )
00019e e472     +LDI R23 , BYTE4 ( 0x420C0000 )
                 	__GETD1N 0x420C0000
00019f 940e 0585 	CALL __CMPF12
0001a1 f030      	BRLO _0x16
                 ; 0000 006C {
                 ; 0000 006D lcd_puts("SUHU TINGGI!         ");
                +
0001a2 eea0     +LDI R26 , LOW ( _0x9 + ( 128 ) )
0001a3 e0b2     +LDI R27 , HIGH ( _0x9 + ( 128 ) )
                 	__POINTW2MN _0x9,128
0001a4 940e 02e4 	CALL _lcd_puts
                 ; 0000 006E alarmAktif = 1;
0001a6 e031      	LDI  R19,LOW(1)
                 ; 0000 006F }
                 ; 0000 0070 else
0001a7 c004      	RJMP _0x17
                 _0x16:
                 ; 0000 0071 {
                 ; 0000 0072 lcd_puts("AMAN                 ");
                +
0001a8 efa6     +LDI R26 , LOW ( _0x9 + ( 150 ) )
0001a9 e0b2     +LDI R27 , HIGH ( _0x9 + ( 150 ) )
                 	__POINTW2MN _0x9,150
                 _0x24:
0001aa 940e 02e4 	CALL _lcd_puts
                 ; 0000 0073 }
                 _0x17:
                 _0x11:
                 _0xF:
                 _0xD:
                 ; 0000 0074 
                 ; 0000 0075 // Pengecekan kondisi dari alarmAktif
                 ; 0000 0076 if (alarmAktif)
0001ac 3030      	CPI  R19,0
0001ad f0a1      	BREQ _0x18
                 ; 0000 0077 {
                 ; 0000 0078 // Perulangan untuk membunyikan Alarm
                 ; 0000 0079 for(i = 0; i < 50; i++)
                +
0001ae e040     +LDI R20 , LOW ( 0 )
0001af e050     +LDI R21 , HIGH ( 0 )
                 	__GETWRN 20,21,0
                 _0x1A:
                +
0001b0 3342     +CPI R20 , LOW ( 50 )
0001b1 e0e0     +LDI R30 , HIGH ( 50 )
0001b2 075e     +CPC R21 , R30
                 	__CPWRN 20,21,50
0001b3 f46c      	BRGE _0x1B
                 ; 0000 007A {
                 ; 0000 007B PORTD.7 = 0;
0001b4 9897      	CBI  0x12,7
                 ; 0000 007C delay_us(2700);
                +
0001b5 ea84     +LDI R24 , LOW ( 8100 )
0001b6 e19f     +LDI R25 , HIGH ( 8100 )
                +__DELAY_USW_LOOP :
0001b7 9701     +SBIW R24 , 1
0001b8 f7f1     +BRNE __DELAY_USW_LOOP
                 	__DELAY_USW 8100
                 ; 0000 007D PORTD.7 = 1;
0001b9 9a97      	SBI  0x12,7
                 ; 0000 007E delay_us(2700);
                +
0001ba ea84     +LDI R24 , LOW ( 8100 )
0001bb e19f     +LDI R25 , HIGH ( 8100 )
                +__DELAY_USW_LOOP :
0001bc 9701     +SBIW R24 , 1
0001bd f7f1     +BRNE __DELAY_USW_LOOP
                 	__DELAY_USW 8100
                 ; 0000 007F }
                +
0001be 5f4f     +SUBI R20 , LOW ( - 1 )
0001bf 4f5f     +SBCI R21 , HIGH ( - 1 )
                 	__ADDWRN 20,21,1
0001c0 cfef      	RJMP _0x1A
                 _0x1B:
                 ; 0000 0080 }
                 ; 0000 0081 else
0001c1 c005      	RJMP _0x20
                 _0x18:
                 ; 0000 0082 {
                 ; 0000 0083 PORTD.7 = 0;
0001c2 9897      	CBI  0x12,7
                 ; 0000 0084 delay_ms(500);
0001c3 efa4      	LDI  R26,LOW(500)
0001c4 e0b1      	LDI  R27,HIGH(500)
0001c5 940e 05a5 	CALL _delay_ms
                 ; 0000 0085 }
                 _0x20:
                 ; 0000 0086 //delay_ms(10);
                 ; 0000 0087 }
0001c7 cf62      	RJMP _0x6
                 ; 0000 0088 }
                 _0x23:
0001c8 cfff      	RJMP _0x23
                 ; .FEND
                 
                 	.DSEG
                 _0x9:
000260           	.BYTE 0xAC
                 
                 	.CSEG
                 _ftoa:
                 ; .FSTART _ftoa
0001c9 93ba      	ST   -Y,R27
0001ca 93aa      	ST   -Y,R26
0001cb 9724      	SBIW R28,4
0001cc e0e0      	LDI  R30,LOW(0)
0001cd 83e8      	ST   Y,R30
0001ce 83e9      	STD  Y+1,R30
0001cf 83ea      	STD  Y+2,R30
0001d0 e3ef      	LDI  R30,LOW(63)
0001d1 83eb      	STD  Y+3,R30
0001d2 931a      	ST   -Y,R17
0001d3 930a      	ST   -Y,R16
0001d4 85eb      	LDD  R30,Y+11
0001d5 85fc      	LDD  R31,Y+11+1
0001d6 3fef      	CPI  R30,LOW(0xFFFF)
0001d7 efaf      	LDI  R26,HIGH(0xFFFF)
0001d8 07fa      	CPC  R31,R26
0001d9 f439      	BRNE _0x200000D
0001da 940e 0381 	CALL SUBOPT_0x3
                +
0001dc e1a4     +LDI R26 , LOW ( 2 * _0x2000000 + ( 0 ) )
0001dd e0b1     +LDI R27 , HIGH ( 2 * _0x2000000 + ( 0 ) )
                 	__POINTW2FN _0x2000000,0
0001de 940e 036b 	CALL _strcpyf
0001e0 c0b1      	RJMP _0x20C0004
                 _0x200000D:
0001e1 3fef      	CPI  R30,LOW(0x7FFF)
0001e2 e7af      	LDI  R26,HIGH(0x7FFF)
0001e3 07fa      	CPC  R31,R26
0001e4 f439      	BRNE _0x200000C
0001e5 940e 0381 	CALL SUBOPT_0x3
                +
0001e7 e1a5     +LDI R26 , LOW ( 2 * _0x2000000 + ( 1 ) )
0001e8 e0b1     +LDI R27 , HIGH ( 2 * _0x2000000 + ( 1 ) )
                 	__POINTW2FN _0x2000000,1
0001e9 940e 036b 	CALL _strcpyf
0001eb c0a6      	RJMP _0x20C0004
                 _0x200000C:
0001ec 85ac      	LDD  R26,Y+12
0001ed 23aa      	TST  R26
0001ee f462      	BRPL _0x200000F
                +
0001ef 85e9     +LDD R30 , Y + 9
0001f0 85fa     +LDD R31 , Y + 9 + 1
0001f1 856b     +LDD R22 , Y + 9 + 2
0001f2 857c     +LDD R23 , Y + 9 + 3
                 	__GETD1S 9
0001f3 940e 03fe 	CALL __ANEGF1
0001f5 940e 0386 	CALL SUBOPT_0x4
0001f7 940e 038b 	CALL SUBOPT_0x5
0001f9 e2ed      	LDI  R30,LOW(45)
0001fa 93ec      	ST   X,R30
                 _0x200000F:
0001fb 85a8      	LDD  R26,Y+8
0001fc 30a7      	CPI  R26,LOW(0x7)
0001fd f010      	BRLO _0x2000010
0001fe e0e6      	LDI  R30,LOW(6)
0001ff 87e8      	STD  Y+8,R30
                 _0x2000010:
000200 8518      	LDD  R17,Y+8
                 _0x2000011:
000201 2fe1      	MOV  R30,R17
000202 5011      	SUBI R17,1
000203 30e0      	CPI  R30,0
000204 f039      	BREQ _0x2000013
000205 940e 0392 	CALL SUBOPT_0x6
000207 940e 0397 	CALL SUBOPT_0x7
000209 940e 039e 	CALL SUBOPT_0x8
00020b cff5      	RJMP _0x2000011
                 _0x2000013:
00020c 940e 03a3 	CALL SUBOPT_0x9
00020e 940e 04a4 	CALL __ADDF12
000210 940e 0386 	CALL SUBOPT_0x4
000212 e010      	LDI  R17,LOW(0)
                +
000213 e0e0     +LDI R30 , LOW ( 0x3F800000 )
000214 e0f0     +LDI R31 , HIGH ( 0x3F800000 )
000215 e860     +LDI R22 , BYTE3 ( 0x3F800000 )
000216 e37f     +LDI R23 , BYTE4 ( 0x3F800000 )
                 	__GETD1N 0x3F800000
000217 940e 039e 	CALL SUBOPT_0x8
                 _0x2000014:
000219 940e 03a3 	CALL SUBOPT_0x9
00021b 940e 0585 	CALL __CMPF12
00021d f088      	BRLO _0x2000016
00021e 940e 0392 	CALL SUBOPT_0x6
000220 940e 03ac 	CALL SUBOPT_0xA
000222 940e 039e 	CALL SUBOPT_0x8
000224 5f1f      	SUBI R17,-LOW(1)
000225 3217      	CPI  R17,39
000226 f038      	BRLO _0x2000017
000227 940e 0381 	CALL SUBOPT_0x3
                +
000229 e1a9     +LDI R26 , LOW ( 2 * _0x2000000 + ( 5 ) )
00022a e0b1     +LDI R27 , HIGH ( 2 * _0x2000000 + ( 5 ) )
                 	__POINTW2FN _0x2000000,5
00022b 940e 036b 	CALL _strcpyf
00022d c064      	RJMP _0x20C0004
                 _0x2000017:
00022e cfea      	RJMP _0x2000014
                 _0x2000016:
00022f 3010      	CPI  R17,0
000230 f429      	BRNE _0x2000018
000231 940e 038b 	CALL SUBOPT_0x5
000233 e3e0      	LDI  R30,LOW(48)
000234 93ec      	ST   X,R30
000235 c02f      	RJMP _0x2000019
                 _0x2000018:
                 _0x200001A:
000236 2fe1      	MOV  R30,R17
000237 5011      	SUBI R17,1
000238 30e0      	CPI  R30,0
000239 f159      	BREQ _0x200001C
00023a 940e 0392 	CALL SUBOPT_0x6
00023c 940e 0397 	CALL SUBOPT_0x7
                +
00023e e0a0     +LDI R26 , LOW ( 0x3F000000 )
00023f e0b0     +LDI R27 , HIGH ( 0x3F000000 )
000240 e080     +LDI R24 , BYTE3 ( 0x3F000000 )
000241 e39f     +LDI R25 , BYTE4 ( 0x3F000000 )
                 	__GETD2N 0x3F000000
000242 940e 04a4 	CALL __ADDF12
000244 01df      	MOVW R26,R30
000245 01cb      	MOVW R24,R22
000246 940e 0354 	CALL _floor
000248 940e 039e 	CALL SUBOPT_0x8
00024a 940e 03a3 	CALL SUBOPT_0x9
00024c 940e 0541 	CALL __DIVF21
00024e 940e 0431 	CALL __CFD1U
000250 2f0e      	MOV  R16,R30
000251 940e 038b 	CALL SUBOPT_0x5
000253 2fe0      	MOV  R30,R16
000254 5de0      	SUBI R30,-LOW(48)
000255 93ec      	ST   X,R30
000256 2fe0      	MOV  R30,R16
000257 e0f0      	LDI  R31,0
000258 940e 0392 	CALL SUBOPT_0x6
00025a 940e 03d3 	CALL __CWD1
00025c 940e 046a 	CALL __CDF1
00025e 940e 04f3 	CALL __MULF12
000260 940e 03b3 	CALL SUBOPT_0xB
000262 940e 03b8 	CALL SUBOPT_0xC
000264 cfd1      	RJMP _0x200001A
                 _0x200001C:
                 _0x2000019:
000265 85e8      	LDD  R30,Y+8
000266 30e0      	CPI  R30,0
000267 f131      	BREQ _0x20C0003
000268 940e 038b 	CALL SUBOPT_0x5
00026a e2ee      	LDI  R30,LOW(46)
00026b 93ec      	ST   X,R30
                 _0x200001E:
00026c 85e8      	LDD  R30,Y+8
00026d 50e1      	SUBI R30,LOW(1)
00026e 87e8      	STD  Y+8,R30
00026f 5fef      	SUBI R30,-LOW(1)
000270 f0e9      	BREQ _0x2000020
000271 940e 03b3 	CALL SUBOPT_0xB
000273 940e 03ac 	CALL SUBOPT_0xA
000275 940e 0386 	CALL SUBOPT_0x4
                +
000277 85e9     +LDD R30 , Y + 9
000278 85fa     +LDD R31 , Y + 9 + 1
000279 856b     +LDD R22 , Y + 9 + 2
00027a 857c     +LDD R23 , Y + 9 + 3
                 	__GETD1S 9
00027b 940e 0431 	CALL __CFD1U
00027d 2f0e      	MOV  R16,R30
00027e 940e 038b 	CALL SUBOPT_0x5
000280 2fe0      	MOV  R30,R16
000281 5de0      	SUBI R30,-LOW(48)
000282 93ec      	ST   X,R30
000283 2fe0      	MOV  R30,R16
000284 e0f0      	LDI  R31,0
000285 940e 03b3 	CALL SUBOPT_0xB
000287 940e 03d3 	CALL __CWD1
000289 940e 046a 	CALL __CDF1
00028b 940e 03b8 	CALL SUBOPT_0xC
00028d cfde      	RJMP _0x200001E
                 _0x2000020:
                 _0x20C0003:
00028e 81ae      	LDD  R26,Y+6
00028f 81bf      	LDD  R27,Y+6+1
000290 e0e0      	LDI  R30,LOW(0)
000291 93ec      	ST   X,R30
                 _0x20C0004:
000292 8119      	LDD  R17,Y+1
000293 8108      	LDD  R16,Y+0
000294 962d      	ADIW R28,13
000295 9508      	RET
                 ; .FEND
                 
                 	.DSEG
                 
                 	.CSEG
                 	#ifndef __SLEEP_DEFINED__
                 	#endif
                 
                 	.DSEG
                 
                 	.CSEG
                 __lcd_write_nibble_G101:
                 ; .FSTART __lcd_write_nibble_G101
000296 93aa      	ST   -Y,R26
000297 b3e5      	IN   R30,0x15
000298 70ef      	ANDI R30,LOW(0xF)
000299 2fae      	MOV  R26,R30
00029a 81e8      	LD   R30,Y
00029b 7fe0      	ANDI R30,LOW(0xF0)
00029c 2bea      	OR   R30,R26
00029d bbe5      	OUT  0x15,R30
                +
00029e e184     +LDI R24 , LOW ( 20 )
                +__DELAY_USB_LOOP :
00029f 958a     +DEC R24
0002a0 f7f1     +BRNE __DELAY_USB_LOOP
                 	__DELAY_USB 20
0002a1 9aaa      	SBI  0x15,2
                +
0002a2 e184     +LDI R24 , LOW ( 20 )
                +__DELAY_USB_LOOP :
0002a3 958a     +DEC R24
0002a4 f7f1     +BRNE __DELAY_USB_LOOP
                 	__DELAY_USB 20
0002a5 98aa      	CBI  0x15,2
                +
0002a6 e184     +LDI R24 , LOW ( 20 )
                +__DELAY_USB_LOOP :
0002a7 958a     +DEC R24
0002a8 f7f1     +BRNE __DELAY_USB_LOOP
                 	__DELAY_USB 20
0002a9 c077      	RJMP _0x20C0002
                 ; .FEND
                 __lcd_write_data:
                 ; .FSTART __lcd_write_data
0002aa 93aa      	ST   -Y,R26
0002ab 81a8      	LD   R26,Y
0002ac dfe9      	RCALL __lcd_write_nibble_G101
0002ad 81e8          ld    r30,y
0002ae 95e2          swap  r30
0002af 83e8          st    y,r30
0002b0 81a8      	LD   R26,Y
0002b1 dfe4      	RCALL __lcd_write_nibble_G101
                +
0002b2 ec88     +LDI R24 , LOW ( 200 )
                +__DELAY_USB_LOOP :
0002b3 958a     +DEC R24
0002b4 f7f1     +BRNE __DELAY_USB_LOOP
                 	__DELAY_USB 200
0002b5 c06b      	RJMP _0x20C0002
                 ; .FEND
                 _lcd_gotoxy:
                 ; .FSTART _lcd_gotoxy
0002b6 93aa      	ST   -Y,R26
0002b7 81e8      	LD   R30,Y
0002b8 e0f0      	LDI  R31,0
0002b9 5fe0      	SUBI R30,LOW(-__base_y_G101)
0002ba 4ffc      	SBCI R31,HIGH(-__base_y_G101)
0002bb 81e0      	LD   R30,Z
0002bc 81a9      	LDD  R26,Y+1
0002bd 0fae      	ADD  R26,R30
0002be dfeb      	RCALL __lcd_write_data
0002bf 8059      	LDD  R5,Y+1
0002c0 8048      	LDD  R4,Y+0
0002c1 9622      	ADIW R28,2
0002c2 9508      	RET
                 ; .FEND
                 _lcd_clear:
                 ; .FSTART _lcd_clear
0002c3 e0a2      	LDI  R26,LOW(2)
0002c4 940e 03bd 	CALL SUBOPT_0xD
0002c6 e0ac      	LDI  R26,LOW(12)
0002c7 dfe2      	RCALL __lcd_write_data
0002c8 e0a1      	LDI  R26,LOW(1)
0002c9 940e 03bd 	CALL SUBOPT_0xD
0002cb e0e0      	LDI  R30,LOW(0)
0002cc 2e4e      	MOV  R4,R30
0002cd 2e5e      	MOV  R5,R30
0002ce 9508      	RET
                 ; .FEND
                 _lcd_putchar:
                 ; .FSTART _lcd_putchar
0002cf 93aa      	ST   -Y,R26
0002d0 81a8      	LD   R26,Y
0002d1 30aa      	CPI  R26,LOW(0xA)
0002d2 f011      	BREQ _0x2020005
0002d3 1457      	CP   R5,R7
0002d4 f048      	BRLO _0x2020004
                 _0x2020005:
0002d5 e0e0      	LDI  R30,LOW(0)
0002d6 93ea      	ST   -Y,R30
0002d7 9443      	INC  R4
0002d8 2da4      	MOV  R26,R4
0002d9 dfdc      	RCALL _lcd_gotoxy
0002da 81a8      	LD   R26,Y
0002db 30aa      	CPI  R26,LOW(0xA)
0002dc f409      	BRNE _0x2020007
0002dd c043      	RJMP _0x20C0002
                 _0x2020007:
                 _0x2020004:
0002de 9453      	INC  R5
0002df 9aa8      	SBI  0x15,0
0002e0 81a8      	LD   R26,Y
0002e1 dfc8      	RCALL __lcd_write_data
0002e2 98a8      	CBI  0x15,0
0002e3 c03d      	RJMP _0x20C0002
                 ; .FEND
                 _lcd_puts:
                 ; .FSTART _lcd_puts
0002e4 93ba      	ST   -Y,R27
0002e5 93aa      	ST   -Y,R26
0002e6 931a      	ST   -Y,R17
                 _0x2020008:
0002e7 81a9      	LDD  R26,Y+1
0002e8 81ba      	LDD  R27,Y+1+1
0002e9 91ed      	LD   R30,X+
0002ea 83a9      	STD  Y+1,R26
0002eb 83ba      	STD  Y+1+1,R27
0002ec 2f1e      	MOV  R17,R30
0002ed 30e0      	CPI  R30,0
0002ee f019      	BREQ _0x202000A
0002ef 2fa1      	MOV  R26,R17
0002f0 dfde      	RCALL _lcd_putchar
0002f1 cff5      	RJMP _0x2020008
                 _0x202000A:
0002f2 8118      	LDD  R17,Y+0
0002f3 9623      	ADIW R28,3
0002f4 9508      	RET
                 ; .FEND
                 _lcd_init:
                 ; .FSTART _lcd_init
0002f5 93aa      	ST   -Y,R26
0002f6 b3e4      	IN   R30,0x14
0002f7 6fe0      	ORI  R30,LOW(0xF0)
0002f8 bbe4      	OUT  0x14,R30
0002f9 9aa2      	SBI  0x14,2
0002fa 9aa0      	SBI  0x14,0
0002fb 9aa1      	SBI  0x14,1
0002fc 98aa      	CBI  0x15,2
0002fd 98a8      	CBI  0x15,0
0002fe 98a9      	CBI  0x15,1
0002ff 8078      	LDD  R7,Y+0
000300 81e8      	LD   R30,Y
000301 58e0      	SUBI R30,-LOW(128)
                +
000302 93e0 0312+STS __base_y_G101 + ( 2 ) , R30
                 	__PUTB1MN __base_y_G101,2
000304 81e8      	LD   R30,Y
000305 54e0      	SUBI R30,-LOW(192)
                +
000306 93e0 0313+STS __base_y_G101 + ( 3 ) , R30
                 	__PUTB1MN __base_y_G101,3
000308 e1a4      	LDI  R26,LOW(20)
000309 e0b0      	LDI  R27,0
00030a 940e 05a5 	CALL _delay_ms
00030c 940e 03c3 	CALL SUBOPT_0xE
00030e 940e 03c3 	CALL SUBOPT_0xE
000310 940e 03c3 	CALL SUBOPT_0xE
000312 e2a0      	LDI  R26,LOW(32)
000313 df82      	RCALL __lcd_write_nibble_G101
                +
000314 e28c     +LDI R24 , LOW ( 300 )
000315 e091     +LDI R25 , HIGH ( 300 )
                +__DELAY_USW_LOOP :
000316 9701     +SBIW R24 , 1
000317 f7f1     +BRNE __DELAY_USW_LOOP
                 	__DELAY_USW 300
000318 e2a8      	LDI  R26,LOW(40)
000319 df90      	RCALL __lcd_write_data
00031a e0a4      	LDI  R26,LOW(4)
00031b df8e      	RCALL __lcd_write_data
00031c e8a5      	LDI  R26,LOW(133)
00031d df8c      	RCALL __lcd_write_data
00031e e0a6      	LDI  R26,LOW(6)
00031f df8a      	RCALL __lcd_write_data
000320 dfa2      	RCALL _lcd_clear
                 _0x20C0002:
000321 9621      	ADIW R28,1
000322 9508      	RET
                 ; .FEND
                 
                 	.CSEG
                 
                 	.CSEG
                 _ftrunc:
                 ; .FSTART _ftrunc
000323 940e 03ec 	CALL __PUTPARD2
000325 817b         ldd  r23,y+3
000326 816a         ldd  r22,y+2
000327 81f9         ldd  r31,y+1
000328 81e8         ld   r30,y
000329 fb77         bst  r23,7
00032a 0f77         lsl  r23
00032b fd67         sbrc r22,7
00032c 6071         sbr  r23,1
00032d 2f97         mov  r25,r23
00032e 579e         subi r25,0x7e
00032f f081         breq __ftrunc0
000330 f078         brcs __ftrunc0
000331 3198         cpi  r25,24
000332 f490         brsh __ftrunc1
000333 27aa         clr  r26
000334 27bb         clr  r27
000335 2788         clr  r24
                 __ftrunc2:
000336 9408         sec
000337 9587         ror  r24
000338 95b7         ror  r27
000339 95a7         ror  r26
00033a 959a         dec  r25
00033b f7d1         brne __ftrunc2
00033c 23ea         and  r30,r26
00033d 23fb         and  r31,r27
00033e 2368         and  r22,r24
00033f c005         rjmp __ftrunc1
                 __ftrunc0:
000340 94e8         clt
000341 2777         clr  r23
000342 27ee         clr  r30
000343 27ff         clr  r31
000344 2766         clr  r22
                 __ftrunc1:
000345 776f         cbr  r22,0x80
000346 9576         lsr  r23
000347 f408         brcc __ftrunc3
000348 6860         sbr  r22,0x80
                 __ftrunc3:
000349 f977         bld  r23,7
00034a 91a9         ld   r26,y+
00034b 91b9         ld   r27,y+
00034c 9189         ld   r24,y+
00034d 9199         ld   r25,y+
00034e 17ea         cp   r30,r26
00034f 07fb         cpc  r31,r27
000350 0768         cpc  r22,r24
000351 0779         cpc  r23,r25
000352 fb97         bst  r25,7
000353 9508         ret
                 ; .FEND
                 _floor:
                 ; .FSTART _floor
000354 940e 03ec 	CALL __PUTPARD2
000356 940e 037b 	CALL SUBOPT_0x1
000358 940e 0323 	CALL _ftrunc
00035a 940e 0378 	CALL SUBOPT_0x0
00035c f419          brne __floor1
                 __floor0:
00035d 940e 037e 	CALL SUBOPT_0x2
00035f c009      	RJMP _0x20C0001
                 __floor1:
000360 f7e6          brtc __floor0
000361 940e 037e 	CALL SUBOPT_0x2
                +
000363 e0a0     +LDI R26 , LOW ( 0x3F800000 )
000364 e0b0     +LDI R27 , HIGH ( 0x3F800000 )
000365 e880     +LDI R24 , BYTE3 ( 0x3F800000 )
000366 e39f     +LDI R25 , BYTE4 ( 0x3F800000 )
                 	__GETD2N 0x3F800000
000367 940e 049d 	CALL __SUBF12
                 _0x20C0001:
000369 9624      	ADIW R28,4
00036a 9508      	RET
                 ; .FEND
                 
                 	.CSEG
                 _strcpyf:
                 ; .FSTART _strcpyf
00036b 93ba      	ST   -Y,R27
00036c 93aa      	ST   -Y,R26
00036d 91e9          ld   r30,y+
00036e 91f9          ld   r31,y+
00036f 91a9          ld   r26,y+
000370 91b9          ld   r27,y+
000371 01cd          movw r24,r26
                 strcpyf0:
000372 9005      	lpm  r0,z+
000373 920d          st   x+,r0
000374 2000          tst  r0
000375 f7e1          brne strcpyf0
000376 01fc          movw r30,r24
000377 9508          ret
                 ; .FEND
                 	#ifndef __SLEEP_DEFINED__
                 	#endif
                 
                 	.CSEG
                 
                 	.DSEG
                 __seed_G100:
00030c           	.BYTE 0x4
                 __base_y_G101:
000310           	.BYTE 0x4
                 
                 	.CSEG
                 ;OPTIMIZER ADDED SUBROUTINE, CALLED 3 TIMES, CODE SIZE REDUCTION:1 WORDS
                 SUBOPT_0x0:
000378 940e 03e2 	CALL __PUTD1S0
00037a 9508      	RET
                 
                 ;OPTIMIZER ADDED SUBROUTINE, CALLED 5 TIMES, CODE SIZE REDUCTION:5 WORDS
                 SUBOPT_0x1:
00037b 940e 03dd 	CALL __GETD2S0
00037d 9508      	RET
                 
                 ;OPTIMIZER ADDED SUBROUTINE, CALLED 3 TIMES, CODE SIZE REDUCTION:1 WORDS
                 SUBOPT_0x2:
00037e 940e 03d8 	CALL __GETD1S0
000380 9508      	RET
                 
                 ;OPTIMIZER ADDED SUBROUTINE, CALLED 3 TIMES, CODE SIZE REDUCTION:1 WORDS
                 SUBOPT_0x3:
000381 81ee      	LDD  R30,Y+6
000382 81ff      	LDD  R31,Y+6+1
000383 93fa      	ST   -Y,R31
000384 93ea      	ST   -Y,R30
000385 9508      	RET
                 
                 ;OPTIMIZER ADDED SUBROUTINE, CALLED 5 TIMES, CODE SIZE REDUCTION:5 WORDS
                 SUBOPT_0x4:
                +
000386 87e9     +STD Y + 9 , R30
000387 87fa     +STD Y + 9 + 1 , R31
000388 876b     +STD Y + 9 + 2 , R22
000389 877c     +STD Y + 9 + 3 , R23
                 	__PUTD1S 9
00038a 9508      	RET
                 
                 ;OPTIMIZER ADDED SUBROUTINE, CALLED 5 TIMES, CODE SIZE REDUCTION:13 WORDS
                 SUBOPT_0x5:
00038b 81ae      	LDD  R26,Y+6
00038c 81bf      	LDD  R27,Y+6+1
00038d 9611      	ADIW R26,1
00038e 83ae      	STD  Y+6,R26
00038f 83bf      	STD  Y+6+1,R27
000390 9711      	SBIW R26,1
000391 9508      	RET
                 
                 ;OPTIMIZER ADDED SUBROUTINE, CALLED 4 TIMES, CODE SIZE REDUCTION:3 WORDS
                 SUBOPT_0x6:
                +
000392 81aa     +LDD R26 , Y + 2
000393 81bb     +LDD R27 , Y + 2 + 1
000394 818c     +LDD R24 , Y + 2 + 2
000395 819d     +LDD R25 , Y + 2 + 3
                 	__GETD2S 2
000396 9508      	RET
                 
                 ;OPTIMIZER ADDED SUBROUTINE, CALLED 2 TIMES, CODE SIZE REDUCTION:1 WORDS
                 SUBOPT_0x7:
                +
000397 eced     +LDI R30 , LOW ( 0x3DCCCCCD )
000398 ecfc     +LDI R31 , HIGH ( 0x3DCCCCCD )
000399 ec6c     +LDI R22 , BYTE3 ( 0x3DCCCCCD )
00039a e37d     +LDI R23 , BYTE4 ( 0x3DCCCCCD )
                 	__GETD1N 0x3DCCCCCD
00039b 940e 04f3 	CALL __MULF12
00039d 9508      	RET
                 
                 ;OPTIMIZER ADDED SUBROUTINE, CALLED 4 TIMES, CODE SIZE REDUCTION:3 WORDS
                 SUBOPT_0x8:
                +
00039e 83ea     +STD Y + 2 , R30
00039f 83fb     +STD Y + 2 + 1 , R31
0003a0 836c     +STD Y + 2 + 2 , R22
0003a1 837d     +STD Y + 2 + 3 , R23
                 	__PUTD1S 2
0003a2 9508      	RET
                 
                 ;OPTIMIZER ADDED SUBROUTINE, CALLED 3 TIMES, CODE SIZE REDUCTION:9 WORDS
                 SUBOPT_0x9:
                +
0003a3 81ea     +LDD R30 , Y + 2
0003a4 81fb     +LDD R31 , Y + 2 + 1
0003a5 816c     +LDD R22 , Y + 2 + 2
0003a6 817d     +LDD R23 , Y + 2 + 3
                 	__GETD1S 2
                +
0003a7 85a9     +LDD R26 , Y + 9
0003a8 85ba     +LDD R27 , Y + 9 + 1
0003a9 858b     +LDD R24 , Y + 9 + 2
0003aa 859c     +LDD R25 , Y + 9 + 3
                 	__GETD2S 9
0003ab 9508      	RET
                 
                 ;OPTIMIZER ADDED SUBROUTINE, CALLED 2 TIMES, CODE SIZE REDUCTION:1 WORDS
                 SUBOPT_0xA:
                +
0003ac e0e0     +LDI R30 , LOW ( 0x41200000 )
0003ad e0f0     +LDI R31 , HIGH ( 0x41200000 )
0003ae e260     +LDI R22 , BYTE3 ( 0x41200000 )
0003af e471     +LDI R23 , BYTE4 ( 0x41200000 )
                 	__GETD1N 0x41200000
0003b0 940e 04f3 	CALL __MULF12
0003b2 9508      	RET
                 
                 ;OPTIMIZER ADDED SUBROUTINE, CALLED 3 TIMES, CODE SIZE REDUCTION:1 WORDS
                 SUBOPT_0xB:
                +
0003b3 85a9     +LDD R26 , Y + 9
0003b4 85ba     +LDD R27 , Y + 9 + 1
0003b5 858b     +LDD R24 , Y + 9 + 2
0003b6 859c     +LDD R25 , Y + 9 + 3
                 	__GETD2S 9
0003b7 9508      	RET
                 
                 ;OPTIMIZER ADDED SUBROUTINE, CALLED 2 TIMES, CODE SIZE REDUCTION:1 WORDS
                 SUBOPT_0xC:
0003b8 940e 03f1 	CALL __SWAPD12
0003ba 940e 049d 	CALL __SUBF12
0003bc cfc9      	RJMP SUBOPT_0x4
                 
                 ;OPTIMIZER ADDED SUBROUTINE, CALLED 2 TIMES, CODE SIZE REDUCTION:1 WORDS
                 SUBOPT_0xD:
0003bd 940e 02aa 	CALL __lcd_write_data
0003bf e0a3      	LDI  R26,LOW(3)
0003c0 e0b0      	LDI  R27,0
0003c1 940c 05a5 	JMP  _delay_ms
                 
                 ;OPTIMIZER ADDED SUBROUTINE, CALLED 3 TIMES, CODE SIZE REDUCTION:7 WORDS
                 SUBOPT_0xE:
0003c3 e3a0      	LDI  R26,LOW(48)
0003c4 940e 0296 	CALL __lcd_write_nibble_G101
                +
0003c6 e28c     +LDI R24 , LOW ( 300 )
0003c7 e091     +LDI R25 , HIGH ( 300 )
                +__DELAY_USW_LOOP :
0003c8 9701     +SBIW R24 , 1
0003c9 f7f1     +BRNE __DELAY_USW_LOOP
                 	__DELAY_USW 300
0003ca 9508      	RET
                 
                 ;RUNTIME LIBRARY
                 
                 	.CSEG
                 __ANEGD1:
0003cb 95f0      	COM  R31
0003cc 9560      	COM  R22
0003cd 9570      	COM  R23
0003ce 95e1      	NEG  R30
0003cf 4fff      	SBCI R31,-1
0003d0 4f6f      	SBCI R22,-1
0003d1 4f7f      	SBCI R23,-1
0003d2 9508      	RET
                 
                 __CWD1:
0003d3 2f6f      	MOV  R22,R31
0003d4 0f66      	ADD  R22,R22
0003d5 0b66      	SBC  R22,R22
0003d6 2f76      	MOV  R23,R22
0003d7 9508      	RET
                 
                 __GETD1S0:
0003d8 81e8      	LD   R30,Y
0003d9 81f9      	LDD  R31,Y+1
0003da 816a      	LDD  R22,Y+2
0003db 817b      	LDD  R23,Y+3
0003dc 9508      	RET
                 
                 __GETD2S0:
0003dd 81a8      	LD   R26,Y
0003de 81b9      	LDD  R27,Y+1
0003df 818a      	LDD  R24,Y+2
0003e0 819b      	LDD  R25,Y+3
0003e1 9508      	RET
                 
                 __PUTD1S0:
0003e2 83e8      	ST   Y,R30
0003e3 83f9      	STD  Y+1,R31
0003e4 836a      	STD  Y+2,R22
0003e5 837b      	STD  Y+3,R23
0003e6 9508      	RET
                 
                 __PUTPARD1:
0003e7 937a      	ST   -Y,R23
0003e8 936a      	ST   -Y,R22
0003e9 93fa      	ST   -Y,R31
0003ea 93ea      	ST   -Y,R30
0003eb 9508      	RET
                 
                 __PUTPARD2:
0003ec 939a      	ST   -Y,R25
0003ed 938a      	ST   -Y,R24
0003ee 93ba      	ST   -Y,R27
0003ef 93aa      	ST   -Y,R26
0003f0 9508      	RET
                 
                 __SWAPD12:
0003f1 2e18      	MOV  R1,R24
0003f2 2f86      	MOV  R24,R22
0003f3 2d61      	MOV  R22,R1
0003f4 2e19      	MOV  R1,R25
0003f5 2f97      	MOV  R25,R23
0003f6 2d71      	MOV  R23,R1
                 
                 __SWAPW12:
0003f7 2e1b      	MOV  R1,R27
0003f8 2fbf      	MOV  R27,R31
0003f9 2df1      	MOV  R31,R1
                 
                 __SWAPB12:
0003fa 2e1a      	MOV  R1,R26
0003fb 2fae      	MOV  R26,R30
0003fc 2de1      	MOV  R30,R1
0003fd 9508      	RET
                 
                 __ANEGF1:
0003fe 9730      	SBIW R30,0
0003ff 4060      	SBCI R22,0
000400 4070      	SBCI R23,0
000401 f009      	BREQ __ANEGF10
000402 5870      	SUBI R23,0x80
                 __ANEGF10:
000403 9508      	RET
                 
                 __ROUND_REPACK:
000404 2355      	TST  R21
000405 f442      	BRPL __REPACK
000406 3850      	CPI  R21,0x80
000407 f411      	BRNE __ROUND_REPACK0
000408 ffe0      	SBRS R30,0
000409 c004      	RJMP __REPACK
                 __ROUND_REPACK0:
00040a 9631      	ADIW R30,1
00040b 1f69      	ADC  R22,R25
00040c 1f79      	ADC  R23,R25
00040d f06b      	BRVS __REPACK1
                 
                 __REPACK:
00040e e850      	LDI  R21,0x80
00040f 2757      	EOR  R21,R23
000410 f411      	BRNE __REPACK0
000411 935f      	PUSH R21
000412 c0cf      	RJMP __ZERORES
                 __REPACK0:
000413 3f5f      	CPI  R21,0xFF
000414 f031      	BREQ __REPACK1
000415 0f66      	LSL  R22
000416 0c00      	LSL  R0
000417 9557      	ROR  R21
000418 9567      	ROR  R22
000419 2f75      	MOV  R23,R21
00041a 9508      	RET
                 __REPACK1:
00041b 935f      	PUSH R21
00041c 2000      	TST  R0
00041d f00a      	BRMI __REPACK2
00041e c0ce      	RJMP __MAXRES
                 __REPACK2:
00041f c0c7      	RJMP __MINRES
                 
                 __UNPACK:
000420 e850      	LDI  R21,0x80
000421 2e19      	MOV  R1,R25
000422 2215      	AND  R1,R21
000423 0f88      	LSL  R24
000424 1f99      	ROL  R25
000425 2795      	EOR  R25,R21
000426 0f55      	LSL  R21
000427 9587      	ROR  R24
                 
                 __UNPACK1:
000428 e850      	LDI  R21,0x80
000429 2e07      	MOV  R0,R23
00042a 2205      	AND  R0,R21
00042b 0f66      	LSL  R22
00042c 1f77      	ROL  R23
00042d 2775      	EOR  R23,R21
00042e 0f55      	LSL  R21
00042f 9567      	ROR  R22
000430 9508      	RET
                 
                 __CFD1U:
000431 9468      	SET
000432 c001      	RJMP __CFD1U0
                 __CFD1:
000433 94e8      	CLT
                 __CFD1U0:
000434 935f      	PUSH R21
000435 dff2      	RCALL __UNPACK1
000436 3870      	CPI  R23,0x80
000437 f018      	BRLO __CFD10
000438 3f7f      	CPI  R23,0xFF
000439 f408      	BRCC __CFD10
00043a c0a7      	RJMP __ZERORES
                 __CFD10:
00043b e156      	LDI  R21,22
00043c 1b57      	SUB  R21,R23
00043d f4aa      	BRPL __CFD11
00043e 9551      	NEG  R21
00043f 3058      	CPI  R21,8
000440 f40e      	BRTC __CFD19
000441 3059      	CPI  R21,9
                 __CFD19:
000442 f030      	BRLO __CFD17
000443 efef      	SER  R30
000444 efff      	SER  R31
000445 ef6f      	SER  R22
000446 e77f      	LDI  R23,0x7F
000447 f977      	BLD  R23,7
000448 c01a      	RJMP __CFD15
                 __CFD17:
000449 2777      	CLR  R23
00044a 2355      	TST  R21
00044b f0b9      	BREQ __CFD15
                 __CFD18:
00044c 0fee      	LSL  R30
00044d 1fff      	ROL  R31
00044e 1f66      	ROL  R22
00044f 1f77      	ROL  R23
000450 955a      	DEC  R21
000451 f7d1      	BRNE __CFD18
000452 c010      	RJMP __CFD15
                 __CFD11:
000453 2777      	CLR  R23
                 __CFD12:
000454 3058      	CPI  R21,8
000455 f028      	BRLO __CFD13
000456 2fef      	MOV  R30,R31
000457 2ff6      	MOV  R31,R22
000458 2f67      	MOV  R22,R23
000459 5058      	SUBI R21,8
00045a cff9      	RJMP __CFD12
                 __CFD13:
00045b 2355      	TST  R21
00045c f031      	BREQ __CFD15
                 __CFD14:
00045d 9576      	LSR  R23
00045e 9567      	ROR  R22
00045f 95f7      	ROR  R31
000460 95e7      	ROR  R30
000461 955a      	DEC  R21
000462 f7d1      	BRNE __CFD14
                 __CFD15:
000463 2000      	TST  R0
000464 f40a      	BRPL __CFD16
000465 df65      	RCALL __ANEGD1
                 __CFD16:
000466 915f      	POP  R21
000467 9508      	RET
                 
                 __CDF1U:
000468 9468      	SET
000469 c001      	RJMP __CDF1U0
                 __CDF1:
00046a 94e8      	CLT
                 __CDF1U0:
00046b 9730      	SBIW R30,0
00046c 4060      	SBCI R22,0
00046d 4070      	SBCI R23,0
00046e f0b1      	BREQ __CDF10
00046f 2400      	CLR  R0
000470 f026      	BRTS __CDF11
000471 2377      	TST  R23
000472 f412      	BRPL __CDF11
000473 9400      	COM  R0
000474 df56      	RCALL __ANEGD1
                 __CDF11:
000475 2e17      	MOV  R1,R23
000476 e17e      	LDI  R23,30
000477 2011      	TST  R1
                 __CDF12:
000478 f032      	BRMI __CDF13
000479 957a      	DEC  R23
00047a 0fee      	LSL  R30
00047b 1fff      	ROL  R31
00047c 1f66      	ROL  R22
00047d 1c11      	ROL  R1
00047e cff9      	RJMP __CDF12
                 __CDF13:
00047f 2fef      	MOV  R30,R31
000480 2ff6      	MOV  R31,R22
000481 2d61      	MOV  R22,R1
000482 935f      	PUSH R21
000483 df8a      	RCALL __REPACK
000484 915f      	POP  R21
                 __CDF10:
000485 9508      	RET
                 
                 __SWAPACC:
000486 934f      	PUSH R20
000487 01af      	MOVW R20,R30
000488 01fd      	MOVW R30,R26
000489 01da      	MOVW R26,R20
00048a 01ab      	MOVW R20,R22
00048b 01bc      	MOVW R22,R24
00048c 01ca      	MOVW R24,R20
00048d 2d40      	MOV  R20,R0
00048e 2c01      	MOV  R0,R1
00048f 2e14      	MOV  R1,R20
000490 914f      	POP  R20
000491 9508      	RET
                 
                 __UADD12:
000492 0fea      	ADD  R30,R26
000493 1ffb      	ADC  R31,R27
000494 1f68      	ADC  R22,R24
000495 9508      	RET
                 
                 __NEGMAN1:
000496 95e0      	COM  R30
000497 95f0      	COM  R31
000498 9560      	COM  R22
000499 5fef      	SUBI R30,-1
00049a 4fff      	SBCI R31,-1
00049b 4f6f      	SBCI R22,-1
00049c 9508      	RET
                 
                 __SUBF12:
00049d 935f      	PUSH R21
00049e df81      	RCALL __UNPACK
00049f 3890      	CPI  R25,0x80
0004a0 f171      	BREQ __ADDF129
0004a1 e850      	LDI  R21,0x80
0004a2 2615      	EOR  R1,R21
                 
0004a3 c004      	RJMP __ADDF120
                 
                 __ADDF12:
0004a4 935f      	PUSH R21
0004a5 df7a      	RCALL __UNPACK
0004a6 3890      	CPI  R25,0x80
0004a7 f139      	BREQ __ADDF129
                 
                 __ADDF120:
0004a8 3870      	CPI  R23,0x80
0004a9 f121      	BREQ __ADDF128
                 __ADDF121:
0004aa 2f57      	MOV  R21,R23
0004ab 1b59      	SUB  R21,R25
0004ac f12b      	BRVS __ADDF1211
0004ad f412      	BRPL __ADDF122
0004ae dfd7      	RCALL __SWAPACC
0004af cffa      	RJMP __ADDF121
                 __ADDF122:
0004b0 3158      	CPI  R21,24
0004b1 f018      	BRLO __ADDF123
0004b2 27aa      	CLR  R26
0004b3 27bb      	CLR  R27
0004b4 2788      	CLR  R24
                 __ADDF123:
0004b5 3058      	CPI  R21,8
0004b6 f028      	BRLO __ADDF124
0004b7 2fab      	MOV  R26,R27
0004b8 2fb8      	MOV  R27,R24
0004b9 2788      	CLR  R24
0004ba 5058      	SUBI R21,8
0004bb cff9      	RJMP __ADDF123
                 __ADDF124:
0004bc 2355      	TST  R21
0004bd f029      	BREQ __ADDF126
                 __ADDF125:
0004be 9586      	LSR  R24
0004bf 95b7      	ROR  R27
0004c0 95a7      	ROR  R26
0004c1 955a      	DEC  R21
0004c2 f7d9      	BRNE __ADDF125
                 __ADDF126:
0004c3 2d50      	MOV  R21,R0
0004c4 2551      	EOR  R21,R1
0004c5 f072      	BRMI __ADDF127
0004c6 dfcb      	RCALL __UADD12
0004c7 f438      	BRCC __ADDF129
0004c8 9567      	ROR  R22
0004c9 95f7      	ROR  R31
0004ca 95e7      	ROR  R30
0004cb 9573      	INC  R23
0004cc f413      	BRVC __ADDF129
0004cd c01f      	RJMP __MAXRES
                 __ADDF128:
0004ce dfb7      	RCALL __SWAPACC
                 __ADDF129:
0004cf df3e      	RCALL __REPACK
0004d0 915f      	POP  R21
0004d1 9508      	RET
                 __ADDF1211:
0004d2 f7d8      	BRCC __ADDF128
0004d3 cffb      	RJMP __ADDF129
                 __ADDF127:
0004d4 1bea      	SUB  R30,R26
0004d5 0bfb      	SBC  R31,R27
0004d6 0b68      	SBC  R22,R24
0004d7 f051      	BREQ __ZERORES
0004d8 f410      	BRCC __ADDF1210
0004d9 9400      	COM  R0
0004da dfbb      	RCALL __NEGMAN1
                 __ADDF1210:
0004db 2366      	TST  R22
0004dc f392      	BRMI __ADDF129
0004dd 0fee      	LSL  R30
0004de 1fff      	ROL  R31
0004df 1f66      	ROL  R22
0004e0 957a      	DEC  R23
0004e1 f7cb      	BRVC __ADDF1210
                 
                 __ZERORES:
0004e2 27ee      	CLR  R30
0004e3 27ff      	CLR  R31
0004e4 01bf      	MOVW R22,R30
0004e5 915f      	POP  R21
0004e6 9508      	RET
                 
                 __MINRES:
0004e7 efef      	SER  R30
0004e8 efff      	SER  R31
0004e9 e76f      	LDI  R22,0x7F
0004ea ef7f      	SER  R23
0004eb 915f      	POP  R21
0004ec 9508      	RET
                 
                 __MAXRES:
0004ed efef      	SER  R30
0004ee efff      	SER  R31
0004ef e76f      	LDI  R22,0x7F
0004f0 e77f      	LDI  R23,0x7F
0004f1 915f      	POP  R21
0004f2 9508      	RET
                 
                 __MULF12:
0004f3 935f      	PUSH R21
0004f4 df2b      	RCALL __UNPACK
0004f5 3870      	CPI  R23,0x80
0004f6 f359      	BREQ __ZERORES
0004f7 3890      	CPI  R25,0x80
0004f8 f349      	BREQ __ZERORES
0004f9 2401      	EOR  R0,R1
0004fa 9408      	SEC
0004fb 1f79      	ADC  R23,R25
0004fc f423      	BRVC __MULF124
0004fd f324      	BRLT __ZERORES
                 __MULF125:
0004fe 2000      	TST  R0
0004ff f33a      	BRMI __MINRES
000500 cfec      	RJMP __MAXRES
                 __MULF124:
000501 920f      	PUSH R0
000502 931f      	PUSH R17
000503 932f      	PUSH R18
000504 933f      	PUSH R19
000505 934f      	PUSH R20
000506 2711      	CLR  R17
000507 2722      	CLR  R18
000508 2799      	CLR  R25
000509 9f68      	MUL  R22,R24
00050a 01a0      	MOVW R20,R0
00050b 9f8f      	MUL  R24,R31
00050c 2d30      	MOV  R19,R0
00050d 0d41      	ADD  R20,R1
00050e 1f59      	ADC  R21,R25
00050f 9f6b      	MUL  R22,R27
000510 0d30      	ADD  R19,R0
000511 1d41      	ADC  R20,R1
000512 1f59      	ADC  R21,R25
000513 9f8e      	MUL  R24,R30
000514 d027      	RCALL __MULF126
000515 9fbf      	MUL  R27,R31
000516 d025      	RCALL __MULF126
000517 9f6a      	MUL  R22,R26
000518 d023      	RCALL __MULF126
000519 9fbe      	MUL  R27,R30
00051a d01d      	RCALL __MULF127
00051b 9faf      	MUL  R26,R31
00051c d01b      	RCALL __MULF127
00051d 9fae      	MUL  R26,R30
00051e 0d11      	ADD  R17,R1
00051f 1f29      	ADC  R18,R25
000520 1f39      	ADC  R19,R25
000521 1f49      	ADC  R20,R25
000522 1f59      	ADC  R21,R25
000523 2fe3      	MOV  R30,R19
000524 2ff4      	MOV  R31,R20
000525 2f65      	MOV  R22,R21
000526 2f52      	MOV  R21,R18
000527 914f      	POP  R20
000528 913f      	POP  R19
000529 912f      	POP  R18
00052a 911f      	POP  R17
00052b 900f      	POP  R0
00052c 2366      	TST  R22
00052d f02a      	BRMI __MULF122
00052e 0f55      	LSL  R21
00052f 1fee      	ROL  R30
000530 1fff      	ROL  R31
000531 1f66      	ROL  R22
000532 c002      	RJMP __MULF123
                 __MULF122:
000533 9573      	INC  R23
000534 f24b      	BRVS __MULF125
                 __MULF123:
000535 dece      	RCALL __ROUND_REPACK
000536 915f      	POP  R21
000537 9508      	RET
                 
                 __MULF127:
000538 0d10      	ADD  R17,R0
000539 1d21      	ADC  R18,R1
00053a 1f39      	ADC  R19,R25
00053b c002      	RJMP __MULF128
                 __MULF126:
00053c 0d20      	ADD  R18,R0
00053d 1d31      	ADC  R19,R1
                 __MULF128:
00053e 1f49      	ADC  R20,R25
00053f 1f59      	ADC  R21,R25
000540 9508      	RET
                 
                 __DIVF21:
000541 935f      	PUSH R21
000542 dedd      	RCALL __UNPACK
000543 3870      	CPI  R23,0x80
000544 f421      	BRNE __DIVF210
000545 2011      	TST  R1
                 __DIVF211:
000546 f40a      	BRPL __DIVF219
000547 cf9f      	RJMP __MINRES
                 __DIVF219:
000548 cfa4      	RJMP __MAXRES
                 __DIVF210:
000549 3890      	CPI  R25,0x80
00054a f409      	BRNE __DIVF218
                 __DIVF217:
00054b cf96      	RJMP __ZERORES
                 __DIVF218:
00054c 2401      	EOR  R0,R1
00054d 9408      	SEC
00054e 0b97      	SBC  R25,R23
00054f f41b      	BRVC __DIVF216
000550 f3d4      	BRLT __DIVF217
000551 2000      	TST  R0
000552 cff3      	RJMP __DIVF211
                 __DIVF216:
000553 2f79      	MOV  R23,R25
000554 931f      	PUSH R17
000555 932f      	PUSH R18
000556 933f      	PUSH R19
000557 934f      	PUSH R20
000558 2411      	CLR  R1
000559 2711      	CLR  R17
00055a 2722      	CLR  R18
00055b 2733      	CLR  R19
00055c 01a9      	MOVW R20,R18
00055d e290      	LDI  R25,32
                 __DIVF212:
00055e 17ae      	CP   R26,R30
00055f 07bf      	CPC  R27,R31
000560 0786      	CPC  R24,R22
000561 0741      	CPC  R20,R17
000562 f030      	BRLO __DIVF213
000563 1bae      	SUB  R26,R30
000564 0bbf      	SBC  R27,R31
000565 0b86      	SBC  R24,R22
000566 0b41      	SBC  R20,R17
000567 9408      	SEC
000568 c001      	RJMP __DIVF214
                 __DIVF213:
000569 9488      	CLC
                 __DIVF214:
00056a 1f55      	ROL  R21
00056b 1f22      	ROL  R18
00056c 1f33      	ROL  R19
00056d 1c11      	ROL  R1
00056e 1faa      	ROL  R26
00056f 1fbb      	ROL  R27
000570 1f88      	ROL  R24
000571 1f44      	ROL  R20
000572 959a      	DEC  R25
000573 f751      	BRNE __DIVF212
000574 01f9      	MOVW R30,R18
000575 2d61      	MOV  R22,R1
000576 914f      	POP  R20
000577 913f      	POP  R19
000578 912f      	POP  R18
000579 911f      	POP  R17
00057a 2366      	TST  R22
00057b f032      	BRMI __DIVF215
00057c 0f55      	LSL  R21
00057d 1fee      	ROL  R30
00057e 1fff      	ROL  R31
00057f 1f66      	ROL  R22
000580 957a      	DEC  R23
000581 f24b      	BRVS __DIVF217
                 __DIVF215:
000582 de81      	RCALL __ROUND_REPACK
000583 915f      	POP  R21
000584 9508      	RET
                 
                 __CMPF12:
000585 2399      	TST  R25
000586 f09a      	BRMI __CMPF120
000587 2377      	TST  R23
000588 f042      	BRMI __CMPF121
000589 1797      	CP   R25,R23
00058a f048      	BRLO __CMPF122
00058b f429      	BRNE __CMPF121
00058c 17ae      	CP   R26,R30
00058d 07bf      	CPC  R27,R31
00058e 0786      	CPC  R24,R22
00058f f020      	BRLO __CMPF122
000590 f031      	BREQ __CMPF123
                 __CMPF121:
000591 9498      	CLZ
000592 9488      	CLC
000593 9508      	RET
                 __CMPF122:
000594 9498      	CLZ
000595 9408      	SEC
000596 9508      	RET
                 __CMPF123:
000597 9418      	SEZ
000598 9488      	CLC
000599 9508      	RET
                 __CMPF120:
00059a 2377      	TST  R23
00059b f7c2      	BRPL __CMPF122
00059c 1797      	CP   R25,R23
00059d f398      	BRLO __CMPF121
00059e f7a9      	BRNE __CMPF122
00059f 17ea      	CP   R30,R26
0005a0 07fb      	CPC  R31,R27
0005a1 0768      	CPC  R22,R24
0005a2 f388      	BRLO __CMPF122
0005a3 f399      	BREQ __CMPF123
0005a4 cfec      	RJMP __CMPF121
                 
                 _delay_ms:
0005a5 9610      	adiw r26,0
0005a6 f039      	breq __delay_ms1
                 __delay_ms0:
0005a7 95a8      	wdr
                +
0005a8 eb88     +LDI R24 , LOW ( 0xBB8 )
0005a9 e09b     +LDI R25 , HIGH ( 0xBB8 )
                +__DELAY_USW_LOOP :
0005aa 9701     +SBIW R24 , 1
0005ab f7f1     +BRNE __DELAY_USW_LOOP
                 	__DELAY_USW 0xBB8
0005ac 9711      	sbiw r26,1
0005ad f7c9      	brne __delay_ms0
                 __delay_ms1:
0005ae 9508      	ret
                 
                 ;END OF CODE MARKER
                 __END_OF_CODE:


RESOURCE USE INFORMATION
------------------------

Notice:
The register and instruction counts are symbol table hit counts,
and hence implicitly used resources are not counted, eg, the
'lpm' instruction without operands implicitly uses r0 and z,
none of which are counted.

x,y,z are separate entities in the symbol table and are
counted separately from r26..r31 here.

.dseg memory usage only counts static data declared with .byte

ATmega32 register use summary:
r0 :  29 r1 :  30 r2 :   0 r3 :   0 r4 :   4 r5 :   4 r6 :   0 r7 :   2 
r8 :   0 r9 :   0 r10:   0 r11:   0 r12:   0 r13:   0 r14:   0 r15:   0 
r16:  11 r17:  28 r18:  13 r19:  19 r20:  25 r21:  65 r22:  78 r23:  71 
r24:  62 r25:  52 r26: 113 r27:  57 r28:  12 r29:   1 r30: 185 r31:  67 
x  :  11 y  : 134 z  :   9 
Registers used: 24 out of 35 (68.6%)

ATmega32 instruction use summary:
.lds  :   0 .lds.l:   0 .sts  :   0 .sts.l:   0 adc   :  17 add   :   8 
adiw  :  11 and   :   5 andi  :   2 asr   :   0 bclr  :   0 bld   :   2 
brbc  :   0 brbs  :   0 brcc  :   5 brcs  :   2 break :   0 breq  :  28 
brge  :   1 brhc  :   0 brhs  :   0 brid  :   0 brie  :   0 brlo  :  16 
brlt  :   2 brmi  :   9 brne  :  31 brpl  :   8 brsh  :   1 brtc  :   2 
brts  :   1 brvc  :   4 brvs  :   4 bset  :   0 bst   :   2 call  : 103 
cbi   :   7 cbr   :   1 clc   :   3 clh   :   0 cli   :   1 cln   :   0 
clr   :  27 cls   :   0 clt   :   3 clv   :   0 clz   :   2 com   :   8 
cp    :   7 cpc   :  13 cpi   :  34 cpse  :   0 dec   :  13 des   :   0 
eor   :   7 fmul  :   0 fmuls :   0 fmulsu:   0 icall :   0 ijmp  :   0 
in    :   4 inc   :   4 jmp   :  24 ld    :  24 ldd   :  57 ldi   : 168 
lds   :   0 lpm   :   8 lsl   :  12 lsr   :   3 mov   :  55 movw  :  22 
mul   :   9 muls  :   0 mulsu :   0 neg   :   2 nop   :   0 or    :   1 
ori   :   2 out   :  18 pop   :  18 push  :  18 rcall :  35 ret   :  49 
reti  :   0 rjmp  :  56 rol   :  24 ror   :  15 sbc   :   7 sbci  :  11 
sbi   :   8 sbic  :   2 sbis  :   1 sbiw  :  15 sbr   :   2 sbrc  :   1 
sbrs  :   1 sec   :   5 seh   :   0 sei   :   0 sen   :   0 ser   :   8 
ses   :   0 set   :   2 sev   :   0 sez   :   1 sleep :   0 spm   :   0 
st    :  45 std   :  20 sts   :   2 sub   :   4 subi  :  16 swap  :   1 
tst   :  19 wdr   :   1 
Instructions used: 79 out of 116 (68.1%)

ATmega32 memory use summary [bytes]:
Segment   Begin    End      Code   Data   Used    Size   Use%
---------------------------------------------------------------
[.cseg] 0x000000 0x000b5e   2638    272   2910   32768   8.9%
[.dseg] 0x000060 0x000314      0    180    180    2048   8.8%
[.eseg] 0x000000 0x000000      0      0      0    1024   0.0%

Assembly complete, 0 errors, 5 warnings
