RAM Allocation [bytes]
Variable                                                                          Address   Size
------------------------------------------------------------------------------------------------
dataADC                                                                           0x0260      32
_seed (stdlib.lib)                                                                0x0280       4
_base_y (alcd.lib)                                                                0x0284       4

EEPROM Allocation [bytes]
Variable                                                                          Address   Size
------------------------------------------------------------------------------------------------

Register Allocation
Variable                                                                          Register  Size
------------------------------------------------------------------------------------------------
_lcd_x                                                                            R5           1
_lcd_y                                                                            R4           1
_lcd_maxx                                                                         R7           1

FLASH Allocation [words]
Function                                                                          Address   Size
------------------------------------------------------------------------------------------------
read_adc                                                                          0x00084     15
main                                                                              0x00093    116
put_buff_G101                                                                     0x00107     56
_print_G101                                                                       0x0013F    316
sprintf                                                                           0x0027B     54
_lcd_write_nibble_G102                                                            0x002B1     21
_lcd_write_data                                                                   0x002C6     13
lcd_gotoxy                                                                        0x002D3     18
lcd_clear                                                                         0x002E5     12
lcd_putchar                                                                       0x002F1     20
lcd_puts                                                                          0x00305     17
lcd_init                                                                          0x00316     47
strlen                                                                            0x00345     12
strlenf                                                                           0x00351     13
